11-03 10:58:16.874 I/wlan0   (    0): RX AssocResp from 00:13:10:85:fe:01 (capab=0x401 status=0 aid=1)
11-03 10:58:16.880 I/wlan0   (    0): associated
11-03 10:58:18.439 I/apexd   (    0): Deleting unused dm device com.android.apex.cts.shim
11-03 10:58:18.503 I/apexd   (    0): Deleting unused dm device com.android.compos
11-03 10:58:18.551 I/apexd   (    0): Deleting unused dm device com.android.devicelock
11-03 10:58:18.581 I/apexd   (    0): Deleting unused dm device com.android.hardware.authsecret
11-03 10:58:18.614 I/apexd   (    0): Deleting unused dm device com.android.hardware.cas
11-03 10:58:18.654 I/apexd   (    0): Deleting unused dm device com.android.hardware.contexthub
11-03 10:58:18.726 I/apexd   (    0): Deleting unused dm device com.android.hardware.dumpstate
11-03 10:58:18.768 I/apexd   (    0): Deleting unused dm device com.android.hardware.gatekeeper
11-03 10:58:18.825 I/apexd   (    0): Deleting unused dm device com.android.hardware.neuralnetworks
11-03 10:58:18.856 I/apexd   (    0): Deleting unused dm device com.android.hardware.power
11-03 10:58:18.891 I/apexd   (    0): Deleting unused dm device com.android.hardware.rebootescrow
11-03 10:58:18.931 I/apexd   (    0): Deleting unused dm device com.android.hardware.thermal
11-03 10:58:18.979 I/apexd   (    0): Deleting unused dm device com.android.hardware.threadnetwork
11-03 10:58:19.007 I/apexd   (    0): Deleting unused dm device com.android.hardware.uwb
11-03 10:58:19.047 I/apexd   (    0): Deleting unused dm device com.android.hardware.vibrator
11-03 10:58:19.091 I/apexd   (    0): Deleting unused dm device com.android.i18n
11-03 10:58:19.124 I/apexd   (    0): Deleting unused dm device com.android.runtime
11-03 10:58:19.156 I/apexd   (    0): Deleting unused dm device com.android.tzdata
11-03 10:58:19.199 I/apexd   (    0): Deleting unused dm device com.android.virt
11-03 10:58:19.229 I/apexd   (    0): Deleting unused dm device com.google.android.widevine
11-03 10:58:20.880 I/servicemanager(    0): Notifying apexservice they don't (previously: do) have clients when we now have no record of a client
11-03 10:58:20.887 I/AidlLazyServiceRegistrar(    0): Process has 0 (of 1 available) client(s) in use after notification apexservice has clients: 0
11-03 10:58:20.890 I/AidlLazyServiceRegistrar(    0): Trying to shut down the service. No clients in use for any service in process.
11-03 10:58:20.896 I/servicemanager(    0): Caller(pid=319,uid=0,sid=u:r:apexd:s0) Unregistering apexservice
11-03 10:58:20.909 I/BpBinder(    0): onLastStrongRef automatically unlinking death recipients:
11-03 10:58:20.912 I/AidlLazyServiceRegistrar(    0): Unregistered all clients and exiting
11-03 10:58:20.946 I/init    (    0): Service 'apexd' (pid 319) exited with status 0 oneshot service took 162.912003 seconds in background
11-03 10:58:20.951 I/init    (    0): Sending signal 9 to service 'apexd' (pid 319) process group...
11-03 10:58:20.955 I/libprocessgroup(    0): Removed cgroup /sys/fs/cgroup/system/uid_0/pid_319
11-03 10:58:21.902 E/servicemanager(    0): VINTF HALs require names in the format type/instance (e.g. some.package.foo.IFoo/default) but got: media_quality
11-03 10:58:22.141 I/init    (    0): Untracked pid 1982 received signal 15
11-03 10:58:22.143 I/init    (    0): Untracked pid 1982 did not have an associated service entry and will not be reaped
11-03 10:58:22.165 I/init    (    0): Untracked pid 1986 received signal 15
11-03 10:58:22.169 I/init    (    0): Untracked pid 1986 did not have an associated service entry and will not be reaped
11-03 11:05:52.960 I/servicemanager(    0): Caller(pid=1607,uid=10152,sid=u:r:untrusted_app:s0:c152,c256,c512,c768) Found android.hardware.graphics.allocator.IAllocator/default in device VINTF manifest.
11-03 11:05:52.994 I/servicemanager(    0): Caller(pid=1607,uid=10152,sid=u:r:untrusted_app:s0:c152,c256,c512,c768) Found android.hardware.graphics.allocator.IAllocator/default in device VINTF manifest.
11-03 11:05:53.009 I/servicemanager(    0): Caller(pid=1607,uid=10152,sid=u:r:untrusted_app:s0:c152,c256,c512,c768) Found mapper/ranchu in device VINTF manifest.
11-03 11:05:53.199 I/wlan0   (    0): deauthenticating from 00:13:10:85:fe:01 by local choice (Reason: 3=DEAUTH_LEAVING)
11-03 11:05:53.909 I/servicemanager(    0): Caller(pid=726,uid=1000,sid=u:r:system_server:s0) Found android.hardware.wifi.IWifi/default in device VINTF manifest.
11-03 11:05:56.474 I/init    (    0): Sending signal 9 to service 'idmap2d' (pid 1524) process group...
11-03 11:05:56.484 I/libprocessgroup(    0): Removed cgroup /sys/fs/cgroup/system/uid_1000/pid_1524
11-03 11:05:56.487 I/init    (    0): Control message: Processed ctl.stop for 'idmap2d' from pid: 726 (system_server)
11-03 11:05:56.491 I/init    (    0): Service 'idmap2d' (pid 1524) received signal 9
11-03 11:05:56.494 I/init    (    0): Sending signal 9 to service 'idmap2d' (pid 1524) process group...
11-03 11:05:56.502 E/libprocessgroup(    0): Failed to write 1 to /sys/fs/cgroup/system/uid_1000/pid_1524/cgroup.kill: No such file or directory
11-03 11:05:56.507 E/libprocessgroup(    0): Failed to open /sys/fs/cgroup/system/uid_1000/pid_1524/cgroup.procs: No such file or directory
11-03 11:05:59.208 I/wlan0   (    0): authenticate with 00:13:10:85:fe:01
11-03 11:05:59.211 I/wlan0   (    0): send auth to 00:13:10:85:fe:01 (try 1/3)
11-03 11:05:59.217 I/wlan0   (    0): authenticated
11-03 11:05:59.238 I/        (    0): mac80211_hwsim hwsim0 wlan0: disabling HT/VHT/HE as WMM/QoS is not supported by the AP
11-03 11:05:59.242 I/wlan0   (    0): associating to AP 00:13:10:85:fe:01 with corrupt beacon
11-03 11:05:59.249 I/wlan0   (    0): associate with 00:13:10:85:fe:01 (try 1/3)
11-03 11:05:59.355 I/wlan0   (    0): associate with 00:13:10:85:fe:01 (try 2/3)
11-03 11:05:59.360 I/wlan0   (    0): RX AssocResp from 00:13:10:85:fe:01 (capab=0x401 status=0 aid=1)
11-03 11:05:59.362 I/wlan0   (    0): associated
11-03 11:06:02.116 I/binder  (    0): undelivered TRANSACTION_COMPLETE
11-03 11:06:02.119 I/binder  (    0): undelivered transaction 81702, process died.
11-03 11:06:02.122 I/binder  (    0): undelivered transaction 81759, process died.
11-03 11:06:23.936 I/init    (    0): starting service 'idmap2d'...
11-03 11:06:23.980 I/init    (    0): ... started service 'idmap2d' has pid 2813
11-03 11:06:23.982 I/init    (    0): Control message: Processed ctl.start for 'idmap2d' from pid: 726 (system_server)
11-03 11:06:27.740 I/binder  (    0): undelivered transaction 79164, process died.
11-03 11:06:27.741 I/binder  (    0): undelivered transaction 106956, process died.
11-03 11:06:27.745 I/binder  (    0): undelivered transaction 68413, process died.
11-03 11:06:27.748 I/binder  (    0): undelivered transaction 71267, process died.
11-03 11:06:27.749 I/binder  (    0): undelivered transaction 73365, process died.
11-03 11:06:27.751 I/binder  (    0): undelivered transaction 73416, process died.
11-03 11:06:27.754 I/binder  (    0): undelivered transaction 76910, process died.
11-03 11:06:27.757 I/binder  (    0): undelivered transaction 79914, process died.
11-03 11:06:27.761 I/binder  (    0): undelivered transaction 79940, process died.
11-03 11:06:27.762 I/binder  (    0): undelivered transaction 80017, process died.
11-03 11:06:36.675 I/servicemanager(    0): Caller(pid=271,uid=1017,sid=u:r:keystore:s0) Found android.hardware.security.keymint.IRemotelyProvisionedComponent/default in device VINTF manifest.
11-03 11:06:37.882 I/init    (    0): Sending signal 9 to service 'idmap2d' (pid 2813) process group...
11-03 11:06:37.902 I/libprocessgroup(    0): Removed cgroup /sys/fs/cgroup/system/uid_1000/pid_2813
11-03 11:06:37.910 I/init    (    0): Control message: Processed ctl.stop for 'idmap2d' from pid: 726 (system_server)
11-03 11:06:37.916 I/init    (    0): Service 'idmap2d' (pid 2813) received signal 9
11-03 11:06:37.918 I/init    (    0): Sending signal 9 to service 'idmap2d' (pid 2813) process group...
11-03 11:06:37.920 E/libprocessgroup(    0): Failed to write 1 to /sys/fs/cgroup/system/uid_1000/pid_2813/cgroup.kill: No such file or directory
11-03 11:06:37.926 E/libprocessgroup(    0): Failed to open /sys/fs/cgroup/system/uid_1000/pid_2813/cgroup.procs: No such file or directory
11-03 11:06:38.610 I/servicemanager(    0): Caller(pid=2966,uid=10195,sid=u:r:rkpdapp:s0:c195,c256,c512,c768) Found android.hardware.security.keymint.IRemotelyProvisionedComponent/default in device VINTF manifest.
11-03 11:06:40.371 I/servicemanager(    0): Caller(pid=271,uid=1017,sid=u:r:keystore:s0) Found android.hardware.security.keymint.IRemotelyProvisionedComponent/default in device VINTF manifest.
11-03 11:06:59.809 W/binder_debug(    0): 26 callbacks suppressed
11-03 11:06:59.809 I/binder  (    0): release 3203:3203 transaction 163622 out, still active
11-03 11:06:59.814 I/binder  (    0): undelivered TRANSACTION_COMPLETE
11-03 11:06:59.815 I/binder  (    0): 2681:726 reply target not found
11-03 11:06:59.848 I/binder  (    0): 726:2681 transaction reply to 0:0 failed 164139/29189/0, size 4-0 line 3277
11-03 11:06:59.893 I/binder  (    0): send failed reply for transaction 163622, target dead
11-03 11:07:00.513 I/binder  (    0): 3226:3226 transaction credentials failed
11-03 11:07:00.515 I/binder  (    0): 3226:3226 transaction call to 535:0 failed 164842/29201/-1, size 0-0 line 3367
11-03 11:07:00.535 I/binder  (    0): 3226:3226 transaction credentials failed
11-03 11:07:00.536 I/binder  (    0): 3226:3226 transaction call to 1107:0 failed 164861/29201/-1, size 0-0 line 3367
11-03 11:07:00.548 I/binder  (    0): 3226:3226 transaction credentials failed
11-03 11:07:00.635 W/audit   (    0): audit_lost=1 audit_rate_limit=5 audit_backlog_limit=64
11-03 11:07:00.659 E/audit   (    0): rate limit exceeded
11-03 11:07:00.810 I/init    (    0): Untracked pid 3203 received signal 1
11-03 11:07:00.815 I/init    (    0): Untracked pid 3203 did not have an associated service entry and will not be reaped
11-03 11:07:00.922 E/SELinux (    0): avc:  denied  { find } for pid=3226 uid=2000 name=android.hardware.security.keymint.IKeyMintDevice/default scontext=u:r:shell:s0 tcontext=u:object_r:hal_keymint_service:s0 tclass=service_manager permissive=0
11-03 11:07:00.953 E/SELinux (    0): avc:  denied  { find } for pid=3226 uid=2000 name=android.hardware.security.secureclock.ISecureClock/default scontext=u:r:shell:s0 tcontext=u:object_r:hal_secureclock_service:s0 tclass=service_manager permissive=0
11-03 11:07:00.961 E/SELinux (    0): avc:  denied  { find } for pid=3226 uid=2000 name=android.hardware.security.sharedsecret.ISharedSecret/default scontext=u:r:shell:s0 tcontext=u:object_r:hal_sharedsecret_service:s0 tclass=service_manager permissive=0
11-03 11:07:01.076 E/SELinux (    0): avc:  denied  { find } for pid=3226 uid=2000 name=android.service.gatekeeper.IGateKeeperService scontext=u:r:shell:s0 tcontext=u:object_r:gatekeeper_service:s0 tclass=service_manager permissive=0
11-03 11:07:01.614 I/servicemanager(    0): Caller(pid=271,uid=1017,sid=u:r:keystore:s0) Found android.hardware.security.keymint.IRemotelyProvisionedComponent/default in device VINTF manifest.
11-03 11:07:01.672 E/SELinux (    0): avc:  denied  { find } for pid=3226 uid=2000 name=dnsresolver scontext=u:r:shell:s0 tcontext=u:object_r:dnsresolver_service:s0 tclass=service_manager permissive=0
11-03 11:07:01.843 E/SELinux (    0): avc:  denied  { find } for pid=3226 uid=2000 name=incident scontext=u:r:shell:s0 tcontext=u:object_r:incident_service:s0 tclass=service_manager permissive=0
11-03 11:07:01.945 E/SELinux (    0): avc:  denied  { find } for pid=3226 uid=2000 name=installd scontext=u:r:shell:s0 tcontext=u:object_r:installd_service:s0 tclass=service_manager permissive=0
11-03 11:07:02.106 E/SELinux (    0): avc:  denied  { find } for pid=3226 uid=2000 name=mdns scontext=u:r:shell:s0 tcontext=u:object_r:mdns_service:s0 tclass=service_manager permissive=0
11-03 11:07:02.293 E/SELinux (    0): avc:  denied  { find } for pid=3226 uid=2000 name=netd scontext=u:r:shell:s0 tcontext=u:object_r:netd_service:s0 tclass=service_manager permissive=0
11-03 11:07:02.945 E/SELinux (    0): avc:  denied  { find } for pid=3226 uid=2000 name=suspend_control scontext=u:r:shell:s0 tcontext=u:object_r:system_suspend_control_service:s0 tclass=service_manager permissive=0
11-03 11:07:02.954 E/SELinux (    0): avc:  denied  { find } for pid=3226 uid=2000 name=suspend_control_internal scontext=u:r:shell:s0 tcontext=u:object_r:system_suspend_control_internal_service:s0 tclass=service_manager permissive=0
11-03 11:07:02.966 I/servicemanager(    0): Caller(pid=2966,uid=10195,sid=u:r:rkpdapp:s0:c195,c256,c512,c768) Found android.hardware.security.keymint.IRemotelyProvisionedComponent/default in device VINTF manifest.
11-03 11:07:03.411 E/SELinux (    0): avc:  denied  { find } for pid=3226 uid=2000 name=vold scontext=u:r:shell:s0 tcontext=u:object_r:vold_service:s0 tclass=service_manager permissive=0
11-03 11:07:04.949 I/init    (    0): Untracked pid 3259 exited with status 1
11-03 11:07:04.950 I/init    (    0): Untracked pid 3259 did not have an associated service entry and will not be reaped
11-03 11:07:07.811 I/servicemanager(    0): Caller(pid=726,uid=1000,sid=u:r:system_server:s0) Since 'artd' could not be found trying to start it as a lazy AIDL service. (if it's not configured to be a lazy service, it may be stuck starting or still starting).
11-03 11:07:07.840 I/init    (    0): starting service 'artd'...
11-03 11:07:07.866 I/init    (    0): ... started service 'artd' has pid 3285
11-03 11:07:07.867 I/init    (    0): Control message: Processed ctl.interface_start for 'aidl/artd' from pid: 239 (/system/bin/servicemanager)
11-03 11:07:08.056 I/servicemanager(    0): Notifying artd they do (previously: don't) have clients when service is guaranteed to be in use
11-03 11:07:08.062 I/BpBinder(    0): onLastStrongRef automatically unlinking death recipients:
11-03 11:07:08.286 I/servicemanager(    0): Caller(pid=271,uid=1017,sid=u:r:keystore:s0) Found android.hardware.security.keymint.IRemotelyProvisionedComponent/default in device VINTF manifest.
11-03 11:07:09.286 W/binder_debug(    0): 79 callbacks suppressed
11-03 11:07:09.286 I/binder  (    0): 3308:3308 transaction credentials failed
11-03 11:07:09.290 I/binder  (    0): 3308:3308 transaction call to 535:0 failed 176280/29201/-1, size 0-0 line 3367
11-03 11:07:09.314 I/binder  (    0): 3308:3308 transaction credentials failed
11-03 11:07:09.316 I/binder  (    0): 3308:3308 transaction call to 1107:0 failed 176313/29201/-1, size 0-0 line 3367
11-03 11:07:09.322 W/audit   (    0): audit_lost=33 audit_rate_limit=5 audit_backlog_limit=64
11-03 11:07:09.330 E/audit   (    0): rate limit exceeded
11-03 11:07:09.331 I/binder  (    0): 3308:3308 transaction credentials failed
11-03 11:07:09.336 I/binder  (    0): 3308:3308 transaction call to 531:0 failed 176332/29201/-1, size 0-0 line 3367
11-03 11:07:09.341 I/binder  (    0): 3308:3308 transaction credentials failed
11-03 11:07:09.344 I/binder  (    0): 3308:3308 transaction call to 508:0 failed 176349/29201/-1, size 0-0 line 3367
11-03 11:07:09.349 I/binder  (    0): 3308:3308 transaction credentials failed
11-03 11:07:09.349 I/binder  (    0): 3308:3308 transaction call to 531:0 failed 176355/29201/-1, size 0-0 line 3367
11-03 11:07:09.449 E/SELinux (    0): avc:  denied  { find } for pid=3308 uid=2000 name=android.hardware.security.keymint.IKeyMintDevice/default scontext=u:r:shell:s0 tcontext=u:object_r:hal_keymint_service:s0 tclass=service_manager permissive=0
11-03 11:07:09.466 E/SELinux (    0): avc:  denied  { find } for pid=3308 uid=2000 name=android.hardware.security.secureclock.ISecureClock/default scontext=u:r:shell:s0 tcontext=u:object_r:hal_secureclock_service:s0 tclass=service_manager permissive=0
11-03 11:07:09.478 E/SELinux (    0): avc:  denied  { find } for pid=3308 uid=2000 name=android.hardware.security.sharedsecret.ISharedSecret/default scontext=u:r:shell:s0 tcontext=u:object_r:hal_sharedsecret_service:s0 tclass=service_manager permissive=0
11-03 11:07:09.574 E/SELinux (    0): avc:  denied  { find } for pid=3308 uid=2000 name=android.service.gatekeeper.IGateKeeperService scontext=u:r:shell:s0 tcontext=u:object_r:gatekeeper_service:s0 tclass=service_manager permissive=0
11-03 11:07:10.072 E/SELinux (    0): avc:  denied  { find } for pid=3308 uid=2000 name=dnsresolver scontext=u:r:shell:s0 tcontext=u:object_r:dnsresolver_service:s0 tclass=service_manager permissive=0
11-03 11:07:10.232 E/SELinux (    0): avc:  denied  { find } for pid=3308 uid=2000 name=incident scontext=u:r:shell:s0 tcontext=u:object_r:incident_service:s0 tclass=service_manager permissive=0
11-03 11:07:10.289 E/SELinux (    0): avc:  denied  { find } for pid=3308 uid=2000 name=installd scontext=u:r:shell:s0 tcontext=u:object_r:installd_service:s0 tclass=service_manager permissive=0
11-03 11:07:10.448 E/SELinux (    0): avc:  denied  { find } for pid=3308 uid=2000 name=mdns scontext=u:r:shell:s0 tcontext=u:object_r:mdns_service:s0 tclass=service_manager permissive=0
11-03 11:07:10.681 E/SELinux (    0): avc:  denied  { find } for pid=3308 uid=2000 name=netd scontext=u:r:shell:s0 tcontext=u:object_r:netd_service:s0 tclass=service_manager permissive=0
--------- beginning of system
11-03 11:07:10.821 W/MagnificationConnectionManager(  726): requestConnection duplicated request: connect=false, mConnectionState=DISCONNECTED
11-03 11:07:10.823 W/Looper  (  726): Slow dispatch took 415ms main app=system_server main=true group=FOREGROUND h=com.android.server.accessibility.AccessibilityManagerService$MainHandler c=<recycled PooledLambda@da430a0> m=0
11-03 11:07:10.826 W/JobServiceContext(  726): No response to onStopJob for 947ebbf #u0a144/16392 com.google.android.as/com.google.android.apps.miphone.aiai.common.superpacks.impl.AiAiPersistentDownloadJobService
11-03 11:07:10.851 D/PackageManager(  726): Instant App installer not found with android.intent.action.INSTALL_INSTANT_APP_PACKAGE
11-03 11:07:10.851 D/PackageManager(  726): Clear ephemeral installer activity
11-03 11:07:10.875 D/PackageManager(  726): Instant App installer not found with android.intent.action.INSTALL_INSTANT_APP_PACKAGE
11-03 11:07:10.875 D/PackageManager(  726): Clear ephemeral installer activity
11-03 11:07:10.889 D/ActivityManager(  726): created ANR temporary file:/data/anr/temp_anr_4112720184313462770.txt
11-03 11:07:10.889 I/ActivityManager(  726): Collecting stacks for pid 1732 into temporary file temp_anr_4112720184313462770.txt
11-03 11:07:10.934 V/AccessibilityManagerService(  726): onUserStateChangedLocked for userId: 0, forceUpdate: false
11-03 11:07:10.936 W/MagnificationConnectionManager(  726): requestConnection duplicated request: connect=false, mConnectionState=DISCONNECTED
11-03 11:07:10.971 W/JobScheduler(  726): Job didn't exist in JobStore: 947ebbf #u0a144/16392 com.google.android.as/com.google.android.apps.miphone.aiai.common.superpacks.impl.AiAiPersistentDownloadJobService
11-03 11:07:11.129 W/Looper  (  726): Slow dispatch took 931ms android.fg app=system_server main=false group=FOREGROUND h=android.os.Handler c=android.app.LoadedApk$ReceiverDispatcher$Args$$ExternalSyntheticLambda0@2bb2de7 m=0
11-03 11:07:11.364 I/AppsFilter(  726): interaction: PackageSetting{9955ed7 com.example.myapplication/10216} -> PackageSetting{8c913c4 com.google.android.youtube/10154} BLOCKED
11-03 11:07:11.365 I/AppsFilter(  726): interaction: PackageSetting{f3b52ad com.android.microdroid.empty_payload/10214} -> PackageSetting{8c913c4 com.google.android.youtube/10154} BLOCKED
11-03 11:07:11.408 E/SELinux (    0): avc:  denied  { find } for pid=3308 uid=2000 name=suspend_control scontext=u:r:shell:s0 tcontext=u:object_r:system_suspend_control_service:s0 tclass=service_manager permissive=0
11-03 11:07:11.427 E/SELinux (    0): avc:  denied  { find } for pid=3308 uid=2000 name=suspend_control_internal scontext=u:r:shell:s0 tcontext=u:object_r:system_suspend_control_internal_service:s0 tclass=service_manager permissive=0
11-03 11:07:11.603 I/AppsFilter(  726): interaction: PackageSetting{9955ed7 com.example.myapplication/10216} -> PackageSetting{a2fd1ee com.google.android.apps.maps/10158} BLOCKED
11-03 11:07:11.604 I/AppsFilter(  726): interaction: PackageSetting{f3b52ad com.android.microdroid.empty_payload/10214} -> PackageSetting{a2fd1ee com.google.android.apps.maps/10158} BLOCKED
11-03 11:07:11.671 D/PackageManager(  726): Instant App installer not found with android.intent.action.INSTALL_INSTANT_APP_PACKAGE
11-03 11:07:11.672 D/PackageManager(  726): Clear ephemeral installer activity
11-03 11:07:11.724 D/PackageManager(  726): Instant App installer not found with android.intent.action.INSTALL_INSTANT_APP_PACKAGE
11-03 11:07:11.733 D/PackageManager(  726): Clear ephemeral installer activity
11-03 11:07:11.718 E/SELinux (    0): avc:  denied  { find } for pid=3308 uid=2000 name=vold scontext=u:r:shell:s0 tcontext=u:object_r:vold_service:s0 tclass=service_manager permissive=0
11-03 11:07:11.860 V/AccessibilityManagerService(  726): onUserStateChangedLocked for userId: 0, forceUpdate: false
11-03 11:07:11.873 W/Looper  (  726): Slow dispatch took 879ms main app=system_server main=true group=FOREGROUND h=android.app.ActivityThread$H c=android.app.LoadedApk$ServiceDispatcher$RunConnection@d9bab8d m=0
11-03 11:07:11.888 V/ConditionProviders(  726): enabling condition provider for 0: ComponentInfo{com.google.android.apps.wellbeing/com.google.android.apps.wellbeing.azr.impl.AzrConditionProviderService}
11-03 11:07:11.888 V/ConditionProviders(  726): Not registering ComponentInfo{com.google.android.apps.wellbeing/com.google.android.apps.wellbeing.azr.impl.AzrConditionProviderService} is already bound
11-03 11:07:11.914 W/ActivityTaskManager(  726): callingPackage for (uid=2000, pid=3326) has no WPC
11-03 11:07:11.956 V/ConditionProviders(  726): enabling condition provider for 0: ComponentInfo{com.google.android.apps.wellbeing/com.google.android.apps.wellbeing.azr.impl.AzrConditionProviderService}
11-03 11:07:11.982 V/ConditionProviders(  726): Not registering ComponentInfo{com.google.android.apps.wellbeing/com.google.android.apps.wellbeing.azr.impl.AzrConditionProviderService} is already bound
11-03 11:07:11.984 W/OptProp (  726): Cannot read opt property android.window.PROPERTY_COMPAT_ALLOW_USER_ASPECT_RATIO_OVERRIDE
11-03 11:07:11.985 W/OptProp (  726): Cannot read opt property android.window.PROPERTY_COMPAT_ALLOW_USER_ASPECT_RATIO_FULLSCREEN_OVERRIDE
11-03 11:07:11.988 W/OptProp (  726): Cannot read opt property android.window.PROPERTY_COMPAT_ALLOW_RESIZEABLE_ACTIVITY_OVERRIDES
11-03 11:07:12.006 W/OptProp (  726): Cannot read opt property android.window.PROPERTY_COMPAT_ALLOW_MIN_ASPECT_RATIO_OVERRIDE
11-03 11:07:12.056 W/OptProp (  726): Cannot read opt property android.window.PROPERTY_COMPAT_ALLOW_ORIENTATION_OVERRIDE
11-03 11:07:12.085 I/ActivityTaskManager(  726): START u0 {act=android.intent.action.MAIN cat=[android.intent.category.LAUNCHER] flg=0x10000000 xflg=0x4 cmp=com.example.myapplication/.MainActivity} with LAUNCH_MULTIPLE from uid 2000 (BAL_ALLOW_PERMISSION) result code=0
11-03 11:07:12.148 W/Looper  ( 1155): Slow dispatch took 68ms wmshell.main app=com.android.systemui main=false group=FOREGROUND h=android.os.Handler c=null m=10
11-03 11:07:12.149 W/Looper  ( 1155): Slow delivery took 58ms wmshell.main app=com.android.systemui main=false group=FOREGROUND h=android.os.Handler c=null m=16
11-03 11:07:12.158 W/Looper  (  726): Slow dispatch took 134ms main app=system_server main=true group=FOREGROUND h=com.android.server.power.Notifier$NotifierHandler c=null m=7
11-03 11:07:12.165 W/MagnificationConnectionManager(  726): requestConnection duplicated request: connect=false, mConnectionState=DISCONNECTED
11-03 11:07:12.166 D/WindowManagerShell( 1155): setLauncherKeepClearAreaHeight: visible=false, height=527
11-03 11:07:12.166 W/Looper  ( 1155): Drained
11-03 11:07:12.167 D/CompatChangeReporter(  726): Compat change id reported: 377864165; UID 10216; state: ENABLED
11-03 11:07:12.204 I/AppsFilter(  726): interaction: PackageSetting{f3b52ad com.android.microdroid.empty_payload/10214} -> PackageSetting{b5245d8 com.example.myapplication/10216} BLOCKED
11-03 11:07:12.226 V/WindowManagerShell( 1155): Transition requested (#8): android.os.BinderProxy@a2e964b TransitionRequestInfo { type = OPEN, triggerTask = TaskInfo{userId=0 taskId=8 effectiveUid=10216 displayId=0 isRunning=true baseIntent=Intent { act=android.intent.action.MAIN cat=[android.intent.category.LAUNCHER] flg=0x10000000 cmp=com.example.myapplication/.MainActivity } baseActivity=ComponentInfo{com.example.myapplication/com.example.myapplication.MainActivity} topActivity=ComponentInfo{com.example.myapplication/com.example.myapplication.MainActivity} origActivity=null realActivity=ComponentInfo{com.example.myapplication/com.example.myapplication.MainActivity} numActivities=1 lastActiveTime=261829 supportsMultiWindow=true resizeMode=1 isResizeable=true minWidth=-1 minHeight=-1 defaultMinSize=220 token=WCT{android.window.IWindowContainerToken$Stub$Proxy@a30828} topActivityType=1 pictureInPictureParams=null shouldDockBigOverlays=false launchIntoPipHostTaskId=-1 lastParentTaskIdBeforePip=-1 displayCutoutSafeInsets=Rect(0, 0 - 0, 0) topActivityInfo=ActivityInfo{8d6d941 com.example.myapplication.MainActivity} launchCookies=[] positionInParent=Point(0, 0) parentTaskId=-1 isFocused=false isVisible=false isVisibleRequested=false isTopActivityNoDisplay=false isSleeping=false locusId=null displayAreaFeatureId=1 isTopActivityTransparent=false isActivityStackTransparent=false lastNonFullscreenBounds=Rect(284, 660 - 796, 1740) capturedLink=null capturedLinkTimestamp=0 requestedVisibleTypes=-9 topActivityRequestOpenInBrowserEducationTimestamp=0 appCompatTaskInfo=AppCompatTaskInfo { topActivityInSizeCompat=false eligibleForLetterboxEducation= false isLetterboxEducationEnabled= true isLetterboxDoubleTapEnabled= false eligibleForUserAspectRatioButton= false topActivityBoundsLetterboxed= false isFromLetterboxDoubleTap= false topActivityLetterboxVerticalPosition= -1 topActivityLetterboxHorizontalPosition= -1 topActivityLetterboxWidth=-1 topActivityLetterboxHeight=-1 topActivityAppBounds=Rect(0, 0 - 1080, 2400) isUserFullscreenOverrideEnabled=false isSystemFullscreenOverrideEnabled=false hasMinAspectRatioOverride=false topActivityLetterboxBounds=null cameraCompatTaskInfo=CameraCompatTaskInfo { freeformCameraCompatMode=inactive}} topActivityMainWindowFrame=null}, pipChange = null, remoteTransition = null, displayChange = null, flags = 0, debugId = 8 }
11-03 11:07:12.227 D/ShellSplitScreen( 1155): logExit: no-op, mLoggerSessionId is null
11-03 11:07:12.260 W/Looper  ( 1155): Slow dispatch took 32ms wmshell.main app=com.android.systemui main=false group=FOREGROUND h=android.os.Handler c=com.android.wm.shell.transition.Transitions$ShellTransitionImpl$$ExternalSyntheticLambda1@37b8a35 m=0
11-03 11:07:12.261 W/Looper  ( 1155): Slow delivery took 31ms wmshell.main app=com.android.systemui main=false group=FOREGROUND h=android.os.Handler c=com.android.wm.shell.windowdecor.CaptionWindowDecorViewModel$1$$ExternalSyntheticLambda0@9b42eca m=0
11-03 11:07:12.343 V/AccessibilityManagerService(  726): onUserStateChangedLocked for userId: 0, forceUpdate: false
11-03 11:07:12.355 W/MagnificationConnectionManager(  726): requestConnection duplicated request: connect=false, mConnectionState=DISCONNECTED
11-03 11:07:12.376 W/Looper  ( 1155): Drained
11-03 11:07:12.391 W/Looper  (  726): Slow dispatch took 122ms main app=system_server main=true group=FOREGROUND h=com.android.server.power.Notifier$NotifierHandler c=com.android.server.power.Notifier$$ExternalSyntheticLambda2@3f12423 m=0
11-03 11:07:12.586 W/Looper  (  726): Slow dispatch took 1212ms android.fg app=system_server main=false group=FOREGROUND h=android.os.Handler c=com.android.server.servicewatcher.ServiceWatcherImpl$$ExternalSyntheticLambda0@aa83a8b m=0
11-03 11:07:12.607 W/ActivityManager(  726): Slow operation: 62ms so far, now at startProcess: returned from zygote!
11-03 11:07:12.607 W/Looper  ( 1155): Slow delivery took 37ms wmshell.main app=com.android.systemui main=false group=FOREGROUND h=android.os.Handler c=null m=17
11-03 11:07:12.641 V/WindowManagerShell( 1155): onTransitionReady(transaction=3118146257239)
11-03 11:07:12.695 W/Looper  ( 1155): Slow dispatch took 88ms wmshell.main app=com.android.systemui main=false group=FOREGROUND h=android.os.Handler c=null m=1
11-03 11:07:12.722 D/BackgroundInstallControlService(  726): Package event received: 0
11-03 11:07:12.723 D/BackgroundInstallControlService(  726): Package event received: 0
11-03 11:07:12.799 W/Looper  ( 1155): Slow dispatch took 35ms wmshell.main app=com.android.systemui main=false group=FOREGROUND h=android.os.Handler c=android.window.TaskOrganizer$1$$ExternalSyntheticLambda7@ea46aa5 m=0
11-03 11:07:12.814 W/Looper  (  726): Slow dispatch took 152ms main app=system_server main=true group=FOREGROUND h=com.android.server.notification.NotificationManagerService$WorkerHandler c=com.android.server.notification.NotificationManagerService$CancelNotificationRunnable@ca41475 m=0
11-03 11:07:12.826 V/WindowManagerShell( 1155): onTransitionReady (#8) android.os.BinderProxy@a2e964b: {id=8 t=OPEN f=0x0 trk=0 r=[0@Point(0, 0)] c=[
11-03 11:07:12.826 V/WindowManagerShell( 1155):         {m=OPEN f=NONE leash=Surface(name=Task=8)/@0xc7bcd22 sb=Rect(0, 0 - 1080, 2400) eb=Rect(0, 0 - 1080, 2400) epz=Point(1080, 2400) d=0 taskParent=-1},
11-03 11:07:12.826 V/WindowManagerShell( 1155):         {m=TO_BACK f=SHOW_WALLPAPER leash=Surface(name=Task=1)/@0x382e3b3 sb=Rect(0, 0 - 1080, 2400) eb=Rect(0, 0 - 1080, 2400) epz=Point(1080, 2400) d=0 taskParent=-1},
11-03 11:07:12.826 V/WindowManagerShell( 1155):         {m=TO_BACK f=IS_WALLPAPER leash=Surface(name=WallpaperWindowToken{290ab68 showWhenLocked=false})/@0xf8dad70 sb=Rect(0, 0 - 1080, 2400) eb=Rect(0, 0 - 1080, 2400) epz=Point(1080, 2400) d=0}
11-03 11:07:12.826 V/WindowManagerShell( 1155):     ]}
11-03 11:07:12.871 D/BackgroundInstallControlService(  726): Package event received: 0
11-03 11:07:12.872 W/Looper  (  726): Slow dispatch took 286ms android.fg app=system_server main=false group=FOREGROUND h=android.os.Handler c=com.android.server.servicewatcher.ServiceWatcherImpl$$ExternalSyntheticLambda0@436c557 m=0
11-03 11:07:12.873 W/ActivityManager(  726): Slow operation: 327ms so far, now at startProcess: done updating battery stats
11-03 11:07:12.873 W/ActivityManager(  726): Slow operation: 329ms so far, now at startProcess: building log message
11-03 11:07:12.874 I/ActivityManager(  726): Start proc 3334:com.example.myapplication/u0a216 for next-top-activity {com.example.myapplication/com.example.myapplication.MainActivity}
11-03 11:07:12.874 W/ActivityManager(  726): Slow operation: 329ms so far, now at startProcess: starting to update pids map
11-03 11:07:12.875 I/ActivityManager(  726): ProcessObserver broadcast disabled
11-03 11:07:12.876 W/ActivityManager(  726): Slow operation: 331ms so far, now at startProcess: done updating pids map
11-03 11:07:12.883 W/JobScheduler(  726): Job didn't exist in JobStore: 4f4e27a #u0a147/-49 com.google.android.googlequicksearchbox/com.google.android.apps.gsa.tasks.BackgroundTasksJobService
11-03 11:07:12.899 W/Looper  (  726): Drained
11-03 11:07:12.963 D/BackgroundInstallControlService(  726): Package event received: 0
11-03 11:07:13.051 V/WindowManagerShell( 1155): Playing animation for (#8) android.os.BinderProxy@a2e964b@0
11-03 11:07:13.052 V/ShellRecents( 1155): RecentsTransitionHandler.startAnimation: no controller found
11-03 11:07:13.052 V/WindowManagerShell( 1155): Transition doesn't have explicit remote, search filters for match for {id=8 t=OPEN f=0x0 trk=0 r=[0@Point(0, 0)] c=[{m=OPEN f=NONE leash=Surface(name=Task=8)/@0xc7bcd22 sb=Rect(0, 0 - 1080, 2400) eb=Rect(0, 0 - 1080, 2400) epz=Point(1080, 2400) d=0 taskParent=-1},{m=TO_BACK f=SHOW_WALLPAPER leash=Surface(name=Task=1)/@0x382e3b3 sb=Rect(0, 0 - 1080, 2400) eb=Rect(0, 0 - 1080, 2400) epz=Point(1080, 2400) d=0 taskParent=-1},{m=TO_BACK f=IS_WALLPAPER leash=Surface(name=WallpaperWindowToken{290ab68 showWhenLocked=false})/@0xf8dad70 sb=Rect(0, 0 - 1080, 2400) eb=Rect(0, 0 - 1080, 2400) epz=Point(1080, 2400) d=0}]}
11-03 11:07:13.053 V/WindowManagerShell( 1155):  Checking filter Pair{{types=[] flags=0x0] notFlags=0x0 checks=[{atype=undefined independent=true modes=[CLOSE,TO_BACK] flags=IN_TASK_WITH_EMBEDDED_ACTIVITY mustBeTask=false order=ANY topActivity=null launchCookie=null taskFragmentToken=android.os.BinderProxy@1894ff0 windowingMode=undefined}]} RemoteTransition { remoteTransition = android.window.IRemoteTransition$Stub$Proxy@1725969, appThread = android.app.IApplicationThread$Stub$Proxy@5243fee, debugName = overlayBackTransition }}
11-03 11:07:13.090 V/WindowManagerShell( 1155):  Checking filter Pair{{types=[] flags=0x0] notFlags=0x0 checks=[{atype=dream independent=true modes=[OPEN,TO_FRONT] flags=NONE mustBeTask=false order=ANY topActivity=null launchCookie=null windowingMode=undefined},{atype=home independent=true modes=[CLOSE,TO_BACK] flags=NONE mustBeTask=false order=ANY topActivity=null launchCookie=null windowingMode=undefined}]} RemoteTransition { remoteTransition = android.window.IRemoteTransition$Stub$Proxy@bfdec8f, appThread = android.app.IApplicationThread$Stub$Proxy@ecb7b1c, debugName = LauncherToDream }}
11-03 11:07:13.090 V/WindowManagerShell( 1155):  Checking filter Pair{{types=[] flags=0x0] notFlags=0x100 checks=[{atype=home independent=true modes=[OPEN,TO_FRONT] flags=NONE mustBeTask=false order=TOP topActivity=ComponentInfo{com.google.android.apps.nexuslauncher/com.google.android.apps.nexuslauncher.NexusLauncherActivity} launchCookie=null windowingMode=undefined},{atype=standard independent=true modes=[CLOSE,TO_BACK] flags=NONE mustBeTask=false order=ANY topActivity=null launchCookie=null windowingMode=undefined},{NOT atype=undefined independent=true modes=[] flags=NONE mustBeTask=true order=ANY topActivity=null launchCookie=null customAnim=true windowingMode=undefined}]} RemoteTransition { remoteTransition = android.window.IRemoteTransition$Stub$Proxy@fce2325, appThread = android.app.IApplicationThread$Stub$Proxy@d186cfa, debugName = QuickstepLaunchHome }}
11-03 11:07:13.090 V/WindowManagerShell( 1155):  Delegate animation for (#8) to null
11-03 11:07:13.091 V/WindowManagerShell( 1155): start default transition animation, info = {id=8 t=OPEN f=0x0 trk=0 r=[0@Point(0, 0)] c=[{m=OPEN f=NONE leash=Surface(name=Task=8)/@0xc7bcd22 sb=Rect(0, 0 - 1080, 2400) eb=Rect(0, 0 - 1080, 2400) epz=Point(1080, 2400) d=0 taskParent=-1},{m=TO_BACK f=SHOW_WALLPAPER leash=Surface(name=Task=1)/@0x382e3b3 sb=Rect(0, 0 - 1080, 2400) eb=Rect(0, 0 - 1080, 2400) epz=Point(1080, 2400) d=0 taskParent=-1},{m=TO_BACK f=IS_WALLPAPER leash=Surface(name=WallpaperWindowToken{290ab68 showWhenLocked=false})/@0xf8dad70 sb=Rect(0, 0 - 1080, 2400) eb=Rect(0, 0 - 1080, 2400) epz=Point(1080, 2400) d=0}]}
11-03 11:07:13.203 V/WindowManagerShell( 1155): loadAnimation: anim=android.view.animation.AnimationSet@225ba88 animAttr=0x13 type=OPEN isEntrance=false
11-03 11:07:13.215 D/PackageManager(  726): Instant App installer not found with android.intent.action.INSTALL_INSTANT_APP_PACKAGE
11-03 11:07:13.216 D/PackageManager(  726): Clear ephemeral installer activity
11-03 11:07:13.220 D/PackageManager(  726): Instant App installer not found with android.intent.action.INSTALL_INSTANT_APP_PACKAGE
11-03 11:07:13.221 D/PackageManager(  726): Clear ephemeral installer activity
11-03 11:07:13.227 W/Looper  ( 1155): Slow delivery took 1164ms SysUiBg app=com.android.systemui main=false group=FOREGROUND h=android.os.Handler c=com.android.internal.content.PackageMonitor$$ExternalSyntheticLambda0@6160c21 m=0
11-03 11:07:13.229 I/Telecom (  726): TelecomServiceImpl$1: registerPhoneAccount: account=[[ ] PhoneAccount: ComponentInfo{com.android.phone/com.android.services.telephony.TelephonyConnectionService}, 1, UserHandle{0} Capabilities: CallProvider MultiUser PlaceEmerg SimSub  Audio Routes: BESW Schemes: tel voicemail  Extras: Bundle[{android.telecom.extra.SUPPORTS_VIDEO_CALLING_FALLBACK=true}] GroupId: *** SC Restrictions: [ ]]: TSI.rPA(cap)@ALk
11-03 11:07:13.232 I/Telecom (  726): PhoneAccountRegistrar: Modify account: [ComponentInfo{com.android.phone/com.android.services.telephony.TelephonyConnectionService}, 1, UserHandle{0}(lbl: T-Mobile -> CARD 1)(desc: T-Mobile -> CARD 1)]: TSI.rPA(cap)@ALk
11-03 11:07:13.239 I/Telecom (  726): CallsManager: handlePhoneAccountChanged: phoneAccount=[[X] PhoneAccount: ComponentInfo{com.android.phone/com.android.services.telephony.TelephonyConnectionService}, 1, UserHandle{0} Capabilities: CallProvider MultiUser PlaceEmerg SimSub  Audio Routes: BESW Schemes: tel voicemail  Extras: Bundle[{android.telecom.extra.SUPPORTS_VIDEO_CALLING_FALLBACK=true}] GroupId: *** SC Restrictions: [ ]]: TSI.rPA(cap)@ALk
11-03 11:07:13.242 V/WindowManagerShell( 1155): loadAnimation: anim=android.view.animation.AnimationSet@4a6495d animAttr=0x12 type=OPEN isEntrance=true
11-03 11:07:13.256 V/WindowManagerShell( 1155):  animated by com.android.wm.shell.transition.DefaultTransitionHandler@670f6e5
11-03 11:07:13.256 W/Looper  ( 1155): Slow dispatch took 430ms wmshell.main app=com.android.systemui main=false group=FOREGROUND h=android.os.Handler c=com.android.wm.shell.transition.Transitions$TransitionPlayerImpl$$ExternalSyntheticLambda0@15c2d2 m=0
11-03 11:07:13.268 W/Looper  ( 1155): Drained
11-03 11:07:13.282 I/Telecom (  726): PhoneAccountRegistrar: getSimCallManager: SimCallManager for subId 1 queried, returning: null: TSI.rPA(cap)@ALk
11-03 11:07:13.282 I/Telecom (  726): PhoneAccountRegistrar: Notifying telephony of voice service override change for 1 SIMs, hasService = false: TSI.rPA(cap)@ALk
11-03 11:07:13.310 W/Looper  (  726): Slow dispatch took 437ms android.fg app=system_server main=false group=FOREGROUND h=android.os.Handler c=com.android.server.servicewatcher.ServiceWatcherImpl$$ExternalSyntheticLambda0@201e609 m=0
11-03 11:07:13.319 D/OomAdjuster(  726): Not killing cached processes
11-03 11:07:13.336 D/ActivityManager(  726): sync unfroze 2380 com.google.android.cellbroadcastreceiver for 3
11-03 11:07:13.381 D/BackgroundInstallControlService(  726): Package event received: 0
11-03 11:07:13.382 D/BackgroundInstallControlService(  726): Package event received: 0
11-03 11:07:13.457 V/AccessibilityManagerService(  726): onUserStateChangedLocked for userId: 0, forceUpdate: false
11-03 11:07:13.616 W/Looper  ( 1155): Slow dispatch took 68ms wmshell.anim app=com.android.systemui main=false group=FOREGROUND h=android.view.Choreographer$FrameHandler c=android.view.Choreographer$FrameDisplayEventReceiver@27991a9 m=0
11-03 11:07:13.659 W/Looper  ( 1155): Drained
11-03 11:07:13.660 W/Looper  ( 1155): Slow delivery took 115ms wmshell.anim app=com.android.systemui main=false group=TOP_APP h=android.view.Choreographer$FrameHandler c=android.view.Choreographer$FrameDisplayEventReceiver@27991a9 m=0
11-03 11:07:13.661 V/WindowManagerShell( 1155): Transition animation finished (aborted=false), notifying core (#8) android.os.BinderProxy@a2e964b@0
11-03 11:07:13.662 W/Looper  ( 1155): Slow dispatch took 43ms wmshell.anim app=com.android.systemui main=false group=TOP_APP h=android.view.Choreographer$FrameHandler c=android.view.Choreographer$FrameDisplayEventReceiver@27991a9 m=0
11-03 11:07:13.683 D/BackgroundInstallControlService(  726): Package event received: 0
11-03 11:07:13.704 I/ActivityManager(  726): dumpStackTraces nativepids=null
11-03 11:07:13.705 W/Looper  (  726): Slow dispatch took 167ms android.fg app=system_server main=false group=FOREGROUND h=android.os.Handler c=com.android.server.servicewatcher.ServiceWatcherImpl$$ExternalSyntheticLambda0@60ffb34 m=0
11-03 11:07:13.707 I/ActivityManager(  726): dumpStackTraces extraPids=null
11-03 11:07:13.707 I/ActivityManager(  726): Done dumping
11-03 11:07:13.799 V/WindowManagerShell( 1155): Track 0 became idle
11-03 11:07:13.799 V/WindowManagerShell( 1155): All active transition animations finished
11-03 11:07:13.800 W/MagnificationConnectionManager(  726): requestConnection duplicated request: connect=false, mConnectionState=DISCONNECTED
11-03 11:07:13.800 W/Looper  ( 1155): Slow dispatch took 139ms wmshell.main app=com.android.systemui main=false group=TOP_APP h=android.os.Handler c=com.android.wm.shell.transition.DefaultSurfaceAnimator$$ExternalSyntheticLambda0@c93f91 m=0
11-03 11:07:13.928 W/Looper  (  726): Slow dispatch took 156ms android.fg app=system_server main=false group=FOREGROUND h=android.os.Handler c=com.android.server.servicewatcher.ServiceWatcherImpl$$ExternalSyntheticLambda0@a1cd2f6 m=0
11-03 11:07:13.948 E/ActivityManager(  726): ANR in com.google.android.gms.persistent
11-03 11:07:13.948 E/ActivityManager(  726): PID: 2260
11-03 11:07:13.948 E/ActivityManager(  726): Reason: Broadcast of Intent { act=android.intent.action.SIM_STATE_CHANGED flg=0x15000010 xflg=0x4 cmp=com.google.android.gms/.chimera.GmsIntentOperationService$PersistentTrustedReceiver (has extras) }
11-03 11:07:13.948 E/ActivityManager(  726): ErrorId: 1e7d9bd6-39b3-43c2-9f84-ca0ec72aa116
11-03 11:07:13.948 E/ActivityManager(  726): Frozen: false
11-03 11:07:13.948 E/ActivityManager(  726): Load: 0.0 / 0.0 / 0.0
11-03 11:07:13.948 E/ActivityManager(  726): ----- Output from /proc/pressure/memory -----
11-03 11:07:13.948 E/ActivityManager(  726): some avg10=8.23 avg60=7.52 avg300=2.44 total=8804790
11-03 11:07:13.948 E/ActivityManager(  726): full avg10=2.38 avg60=2.25 avg300=0.73 total=3081700
11-03 11:07:13.948 E/ActivityManager(  726): ----- End output from /proc/pressure/memory -----
11-03 11:07:13.948 E/ActivityManager(  726): ----- Output from /proc/pressure/cpu -----
11-03 11:07:13.948 E/ActivityManager(  726): some avg10=85.37 avg60=75.24 avg300=32.35 total=123055311
11-03 11:07:13.948 E/ActivityManager(  726): full avg10=0.00 avg60=0.00 avg300=0.00 total=0
11-03 11:07:13.948 E/ActivityManager(  726): ----- End output from /proc/pressure/cpu -----
11-03 11:07:13.948 E/ActivityManager(  726): ----- Output from /proc/pressure/io -----
11-03 11:07:13.948 E/ActivityManager(  726): some avg10=9.84 avg60=10.24 avg300=7.19 total=35834334
11-03 11:07:13.948 E/ActivityManager(  726): full avg10=0.23 avg60=1.19 avg300=2.90 total=18406279
11-03 11:07:13.948 E/ActivityManager(  726): ----- End output from /proc/pressure/io -----
11-03 11:07:13.948 E/ActivityManager(  726): 
11-03 11:07:13.948 E/ActivityManager(  726): CPU usage from 70785ms to -35ms ago (2025-11-03 11:05:59.305 to 2025-11-03 11:07:10.128):
11-03 11:07:13.948 E/ActivityManager(  726):   96% 726/system_server: 20% user + 75% kernel / faults: 83307 minor 1462 major
11-03 11:07:13.948 E/ActivityManager(  726):   35% 1420/com.google.android.apps.nexuslauncher: 17% user + 18% kernel / faults: 360570 minor 275 major
11-03 11:07:13.948 E/ActivityManager(  726):   33% 1607/com.google.android.inputmethod.latin: 10% user + 23% kernel / faults: 20535 minor 649 major
11-03 11:07:13.948 E/ActivityManager(  726):   21% 1835/com.google.android.googlequicksearchbox:search: 7.2% user + 13% kernel / faults: 37971 minor 556 major
11-03 11:07:13.948 E/ActivityManager(  726):   13% 61/kswapd0: 0% user + 13% kernel
11-03 11:07:13.948 E/ActivityManager(  726):   10% 1732/com.google.android.as: 2.8% user + 7.2% kernel / faults: 22909 minor 424 major
11-03 11:07:13.948 E/ActivityManager(  726):   9.7% 1155/com.android.systemui: 3.5% user + 6.2% kernel / faults: 23777 minor 399 major
11-03 11:07:13.948 E/ActivityManager(  726):   8.6% 1348/com.android.phone: 2.5% user + 6.1% kernel / faults: 9417 minor 265 major
11-03 11:07:13.948 E/ActivityManager(  726):   7.8% 522/android.hardware.sensors-service.multihal: 0.1% user + 7.7% kernel / faults: 4 minor 26 major
11-03 11:07:13.948 E/ActivityManager(  726):   7.3% 1667/com.google.android.apps.wellbeing: 1.9% user + 5.4% kernel / faults: 12293 minor 666 major
11-03 11:07:13.948 E/ActivityManager(  726): 97% TOTAL: 26% user + 68% kernel + 0.5% iowait + 2.6% softirq
11-03 11:07:13.948 E/ActivityManager(  726): CPU usage from 259837ms to 259837ms ago (1970-01-01 05:30:00.000 to 1970-01-01 05:30:00.000) with 0% awake:
11-03 11:07:13.948 E/ActivityManager(  726): 0% TOTAL: 0% user + 0% kernel
11-03 11:07:14.031 I/Telecom (  726): TelecomServiceImpl$1: registerPhoneAccount: account=[[ ] PhoneAccount: ComponentInfo{com.android.phone/com.android.services.telephony.TelephonyConnectionService}, 1, UserHandle{0} Capabilities: CallProvider MultiUser PlaceEmerg SimSub  Audio Routes: BESW Schemes: tel voicemail  Extras: Bundle[{android.telecom.extra.SUPPORTS_VIDEO_CALLING_FALLBACK=true}] GroupId: *** SC Restrictions: [ ]]: TSI.rPA(cap)@ALo
11-03 11:07:14.032 I/Telecom (  726): PhoneAccountRegistrar: Modify account: [ComponentInfo{com.android.phone/com.android.services.telephony.TelephonyConnectionService}, 1, UserHandle{0}]: TSI.rPA(cap)@ALo
11-03 11:07:14.067 I/DropBoxManagerService(  726): add tag=system_app_anr isTagEnabled=true flags=0x6
11-03 11:07:14.096 I/Telecom (  726): CallsManager: handlePhoneAccountChanged: phoneAccount=[[X] PhoneAccount: ComponentInfo{com.android.phone/com.android.services.telephony.TelephonyConnectionService}, 1, UserHandle{0} Capabilities: CallProvider MultiUser PlaceEmerg SimSub  Audio Routes: BESW Schemes: tel voicemail  Extras: Bundle[{android.telecom.extra.SUPPORTS_VIDEO_CALLING_FALLBACK=true}] GroupId: *** SC Restrictions: [ ]]: TSI.rPA(cap)@ALo
11-03 11:07:14.103 D/ActivityManager(  726): sync unfroze 2451 com.android.cellbroadcastreceiver for 7
11-03 11:07:14.109 I/Telecom (  726): PhoneAccountRegistrar: getSimCallManager: SimCallManager for subId 1 queried, returning: null: TSI.rPA(cap)@ALo
11-03 11:07:14.118 I/Telecom (  726): PhoneAccountRegistrar: Notifying telephony of voice service override change for 1 SIMs, hasService = false: TSI.rPA(cap)@ALo
11-03 11:07:14.126 W/ContentProviderHelper(  726): Slow operation: 87ms so far, now at getContentProviderImpl: after updateOomAdj
11-03 11:07:14.232 W/ContentProviderHelper(  726): Slow operation: 193ms so far, now at getContentProviderImpl: done!
11-03 11:07:14.439 W/Looper  ( 1155): Drained
11-03 11:07:14.803 D/PackageManager(  726): Instant App installer not found with android.intent.action.INSTALL_INSTANT_APP_PACKAGE
11-03 11:07:14.803 D/PackageManager(  726): Clear ephemeral installer activity
11-03 11:07:15.136 E/TaskPersister(  726): File error accessing recents directory (directory doesn't exist?).
11-03 11:07:15.162 D/PackageManager(  726): Instant App installer not found with android.intent.action.INSTALL_INSTANT_APP_PACKAGE
11-03 11:07:15.168 D/PackageManager(  726): Clear ephemeral installer activity
11-03 11:07:15.300 V/AccessibilityManagerService(  726): onUserStateChangedLocked for userId: 0, forceUpdate: false
11-03 11:07:15.463 W/Looper  (  726): Slow dispatch took 396ms main app=system_server main=true group=FOREGROUND h=com.android.server.notification.NotificationManagerService$WorkerHandler c=com.android.server.notification.NotificationManagerService$CancelNotificationRunnable@c946189 m=0
11-03 11:07:15.464 W/Looper  (  726): Slow delivery took 368ms main app=system_server main=true group=FOREGROUND h=com.android.server.notification.NotificationManagerService$WorkerHandler c=com.android.server.notification.NotificationManagerService$CancelNotificationRunnable@9db758e m=0
11-03 11:07:15.469 W/Looper  (  726): Drained
11-03 11:07:15.502 W/Looper  (  726): Slow dispatch took 1572ms android.fg app=system_server main=false group=FOREGROUND h=android.os.Handler c=com.android.server.servicewatcher.ServiceWatcherImpl$$ExternalSyntheticLambda0@e02e4f2 m=0
11-03 11:07:15.522 D/BackgroundInstallControlService(  726): Package event received: 0
11-03 11:07:15.522 D/BackgroundInstallControlService(  726): Package event received: 0
11-03 11:07:15.525 W/MagnificationConnectionManager(  726): requestConnection duplicated request: connect=false, mConnectionState=DISCONNECTED
11-03 11:07:15.591 D/BackgroundInstallControlService(  726): Package event received: 0
11-03 11:07:15.591 D/BackgroundInstallControlService(  726): Package event received: 0
11-03 11:07:15.616 I/ActivityManager(  726): Killing 2260:com.google.android.gms.persistent/u0a146 (adj 0): bg anr
11-03 11:07:15.633 D/ActivityManager(  726): Completed ANR of com.google.android.gms.persistent in 5643ms, latency 54ms (expired, only dump ANR app)
11-03 11:07:15.664 D/BackgroundInstallControlService(  726): Package event received: 0
11-03 11:07:15.682 V/AccessibilityManagerService(  726): onUserStateChangedLocked for userId: 0, forceUpdate: false
11-03 11:07:15.684 W/MagnificationConnectionManager(  726): requestConnection duplicated request: connect=false, mConnectionState=DISCONNECTED
11-03 11:07:15.703 W/OptProp (  726): Cannot read opt property android.window.PROPERTY_COMPAT_ENABLE_FAKE_FOCUS
11-03 11:07:15.736 W/ContextImpl(  726): Calling a method in the system process without a qualified user: android.app.ContextImpl.sendBroadcastMultiplePermissions:1319 android.content.Context.sendBroadcastMultiplePermissions:2583 com.android.server.TelephonyRegistry.broadcastServiceStateChanged:4159 com.android.server.TelephonyRegistry.notifyServiceStateForPhoneId:1848 com.android.internal.telephony.ITelephonyRegistry$Stub.onTransact:613 
11-03 11:07:15.740 W/ActivityManager(  726): Slow operation: 143ms so far, now at finishAttachApplicationInner: after mServices.attachApplicationLocked
11-03 11:07:15.743 W/ActivityManager(  726): Slow operation: 146ms so far, now at finishAttachApplicationInner: after dispatching broadcasts
