11-03 11:07:15.752 D/BackgroundInstallControlService(  726): Package event received: 0
11-03 11:07:15.754 E/AppHibernationService(  726): Package com.example.myapplication is not installed for user 0
11-03 11:07:15.754 E/AppHibernationService(  726): Package com.example.myapplication is not installed for any user
11-03 11:07:15.755 D/BackgroundInstallControlService(  726): Package event received: 0
11-03 11:07:15.758 E/AppHibernationService(  726): Package com.example.myapplication is not installed for user 0
11-03 11:07:15.759 E/AppHibernationService(  726): Package com.example.myapplication is not installed for any user
11-03 11:07:15.791 I/DisplayManager( 3334): Choreographer implicitly registered for the refresh rate.
11-03 11:07:15.803 W/Looper  (  726): Slow dispatch took 131ms android.fg app=system_server main=false group=FOREGROUND h=android.os.Handler c=com.android.server.servicewatcher.ServiceWatcherImpl$$ExternalSyntheticLambda0@c78bf11 m=0
11-03 11:07:15.858 W/ContextImpl(  726): Calling a method in the system process without a qualified user: android.app.ContextImpl.sendBroadcastMultiplePermissions:1352 com.android.server.TelephonyRegistry.broadcastServiceStateChanged:4164 com.android.server.TelephonyRegistry.notifyServiceStateForPhoneId:1848 com.android.internal.telephony.ITelephonyRegistry$Stub.onTransact:613 android.os.Binder.execTransactInternal:1421 
11-03 11:07:15.895 I/ActivityManager(  726): dumpStackTraces pids=null
11-03 11:07:15.905 I/ActivityManager(  726): Dumping to /data/anr/anr_2025-11-03-11-07-15-904
11-03 11:07:15.907 I/AppsFilter(  726): interaction: PackageSetting{b5245d8 com.example.myapplication/10216} -> PackageSetting{87cf56f com.google.android.cellbroadcastreceiver/10189} BLOCKED
11-03 11:07:15.907 I/AppsFilter(  726): interaction: PackageSetting{f3b52ad com.android.microdroid.empty_payload/10214} -> PackageSetting{87cf56f com.google.android.cellbroadcastreceiver/10189} BLOCKED
11-03 11:07:16.165 W/Looper  (  726): Slow delivery took 214ms android.ui app=system_server main=false group=TOP_APP h=com.android.server.am.ActivityManagerService$UiHandler c=com.android.server.am.UidObserverController$$ExternalSyntheticLambda0@bca211b m=0
11-03 11:07:16.239 D/BackgroundInstallControlService(  726): Package event received: 0
11-03 11:07:16.272 I/binder_alloc(    0): 2260: binder_alloc_buf, no vma
11-03 11:07:16.289 W/binder_debug(    0): 76 callbacks suppressed
11-03 11:07:16.289 I/binder  (    0): cannot allocate buffer: vma cleared, target dead or dying
11-03 11:07:16.312 I/binder  (    0): 726:753 transaction async to 2260:0 failed 185893/29189/-3, size 3164-8 line 3548
11-03 11:07:16.390 W/ActivityManager(  726): pid 726 system sent binder code 3 with flags 1 to frozen apps and got error -32
11-03 11:07:16.419 W/ActivityManager(  726): Application dead when creating service ServiceRecord{ffd82ac u0 com.google.android.gms/com.google.android.location.network.NetworkLocationService c:android}
11-03 11:07:16.423 I/ActivityManager(  726): dumpStackTraces nativepids=null
11-03 11:07:16.423 I/ActivityManager(  726): dumpStackTraces extraPids=null
11-03 11:07:16.424 I/ActivityManager(  726): Done dumping
11-03 11:07:16.436 V/AccessibilityManagerService(  726): onUserStateChangedLocked for userId: 0, forceUpdate: false
11-03 11:07:16.451 E/ActivityManager(  726): ANR in com.google.android.as
11-03 11:07:16.451 E/ActivityManager(  726): PID: 1732
11-03 11:07:16.451 E/ActivityManager(  726): Reason: No response to onStopJob
11-03 11:07:16.451 E/ActivityManager(  726): ErrorId: 83654bd8-b91e-45dd-8f62-5ccbdc2ad6fe
11-03 11:07:16.451 E/ActivityManager(  726): Frozen: false
11-03 11:07:16.451 E/ActivityManager(  726): Load: 0.0 / 0.0 / 0.0
11-03 11:07:16.451 E/ActivityManager(  726): ----- Output from /proc/pressure/memory -----
11-03 11:07:16.451 E/ActivityManager(  726): some avg10=8.69 avg60=7.65 avg300=2.53 total=9477542
11-03 11:07:16.451 E/ActivityManager(  726): full avg10=2.61 avg60=2.30 avg300=0.77 total=3305439
11-03 11:07:16.451 E/ActivityManager(  726): ----- End output from /proc/pressure/memory -----
11-03 11:07:16.451 E/ActivityManager(  726): ----- Output from /proc/pressure/cpu -----
11-03 11:07:16.451 E/ActivityManager(  726): some avg10=85.69 avg60=75.97 avg300=33.09 total=127805051
11-03 11:07:16.451 E/ActivityManager(  726): full avg10=0.00 avg60=0.00 avg300=0.00 total=0
11-03 11:07:16.451 E/ActivityManager(  726): ----- End output from /proc/pressure/cpu -----
11-03 11:07:16.451 E/ActivityManager(  726): ----- Output from /proc/pressure/io -----
11-03 11:07:16.451 E/ActivityManager(  726): some avg10=8.75 avg60=10.00 avg300=7.18 total=36277412
11-03 11:07:16.451 E/ActivityManager(  726): full avg10=0.15 avg60=1.12 avg300=2.86 total=18428074
11-03 11:07:16.451 E/ActivityManager(  726): ----- End output from /proc/pressure/io -----
11-03 11:07:16.451 E/ActivityManager(  726): 
11-03 11:07:16.451 E/ActivityManager(  726): CPU usage from 5509ms to -15ms ago (2025-11-03 11:07:10.128 to 2025-11-03 11:07:15.649):
11-03 11:07:16.451 E/ActivityManager(  726):   80% 726/system_server: 16% user + 63% kernel / faults: 5153 minor 230 major
11-03 11:07:16.451 E/ActivityManager(  726):   46% 1607/com.google.android.inputmethod.latin: 1.9% user + 44% kernel / faults: 177 minor 15 major
11-03 11:07:16.451 E/ActivityManager(  726):   32% 522/android.hardware.sensors-service.multihal: 0.1% user + 32% kernel
11-03 11:07:16.451 E/ActivityManager(  726):   23% 2260/com.google.android.gms.persistent: 10% user + 13% kernel / faults: 6921 minor 165 major
11-03 11:07:16.451 E/ActivityManager(  726):   16% 1667/com.google.android.apps.wellbeing: 4.5% user + 11% kernel / faults: 2772 minor 95 major
11-03 11:07:16.451 E/ActivityManager(  726):   13% 61/kswapd0: 0% user + 13% kernel
11-03 11:07:16.451 E/ActivityManager(  726):   12% 2194/com.google.android.gms: 4% user + 8.5% kernel / faults: 2750 minor 149 major
11-03 11:07:16.451 E/ActivityManager(  726):   12% 2661/com.google.android.gms.unstable: 7.5% user + 4.8% kernel / faults: 2245 minor 14 major
11-03 11:07:16.451 E/ActivityManager(  726):   11% 1348/com.android.phone: 3.4% user + 8% kernel / faults: 1356 minor 108 major
11-03 11:07:16.451 E/ActivityManager(  726):   10% 570/surfaceflinger: 0.5% user + 9.5% kernel / faults: 44 minor 151 major
11-03 11:07:16.451 E/ActivityManager(  726): 97% TOTAL: 18% user + 74% kernel + 0.2% iowait + 4.4% softirq
11-03 11:07:16.451 E/ActivityManager(  726): CPU usage from 265381ms to 265381ms ago (1970-01-01 05:30:00.000 to 1970-01-01 05:30:00.000) with 0% awake:
11-03 11:07:16.451 E/ActivityManager(  726): 0% TOTAL: 0% user + 0% kernel
11-03 11:07:16.485 W/MagnificationConnectionManager(  726): requestConnection duplicated request: connect=false, mConnectionState=DISCONNECTED
11-03 11:07:16.472 I/binder  (    0): undelivered TRANSACTION_COMPLETE
11-03 11:07:16.476 I/binder  (    0): undelivered transaction 185053, process died.
11-03 11:07:16.484 I/binder  (    0): undelivered TRANSACTION_COMPLETE
11-03 11:07:16.485 I/binder  (    0): undelivered transaction 184972, process died.
11-03 11:07:16.489 I/binder  (    0): release 2260:2408 transaction 160711 in, still active
11-03 11:07:16.491 I/binder  (    0): send failed reply for transaction 160711 to 1835:2131
11-03 11:07:16.494 I/binder  (    0): release 2260:2415 transaction 160400 in, still active
11-03 11:07:16.498 I/binder  (    0): send failed reply for transaction 160400 to 1667:2042
11-03 11:07:16.616 W/ActivityManager(  726): Scheduling restart of crashed service com.google.android.gms/com.google.android.location.network.NetworkLocationService in 1000ms for connection
11-03 11:07:16.617 W/ActivityManager(  726): Scheduling restart of crashed service com.google.android.gms/.chimera.PersistentBoundBrokerService in 10999ms for connection
11-03 11:07:16.618 W/ActivityManager(  726): Scheduling restart of crashed service com.google.android.gms/.chimera.PersistentApiServiceNoInstantApps in 20998ms for connection
11-03 11:07:16.624 W/ActivityManager(  726): Scheduling restart of crashed service com.google.android.gms/.fido.authenticator.service.AuthenticatorService in 30993ms for start-requested
11-03 11:07:16.625 W/ActivityManager(  726): Scheduling restart of crashed service com.google.android.gms/.chimera.PersistentInternalBoundBrokerService in 40991ms for connection
11-03 11:07:16.626 W/ActivityManager(  726): Scheduling restart of crashed service com.google.android.gms/com.google.android.location.internal.server.GoogleLocationService in 54672ms for start-requested
11-03 11:07:16.627 W/ActivityManager(  726): Scheduling restart of crashed service com.google.android.gms/.auth.GetToken in 64671ms for connection
11-03 11:07:16.632 W/ActivityManager(  726): Scheduling restart of crashed service com.google.android.gms/.chimera.PersistentDirectBootAwareApiService in 74666ms for connection
11-03 11:07:16.634 W/ActivityManager(  726): Scheduling restart of crashed service com.google.android.gms/.fitness.service.recording.FitRecordingBroker in 84664ms for start-requested
11-03 11:07:16.635 W/ActivityManager(  726): Scheduling restart of crashed service com.google.android.gms/.auth.account.authenticator.GoogleAccountAuthenticatorService in 94663ms for connection
11-03 11:07:16.635 W/ActivityManager(  726): Scheduling restart of crashed service com.google.android.gms/.gcm.GcmService in 104662ms for start-requested
11-03 11:07:16.636 W/ActivityManager(  726): Scheduling restart of crashed service com.google.android.gms/com.google.android.location.internal.server.HardwareArProviderService in 114662ms for connection
11-03 11:07:16.637 W/ActivityManager(  726): Scheduling restart of crashed service com.google.android.gms/.nearby.sharing.ReceiveSurfaceService in 124661ms for start-requested
11-03 11:07:16.637 W/ActivityManager(  726): Scheduling restart of crashed service com.google.android.gms/.location.geocode.GeocodeService in 134661ms for connection
11-03 11:07:16.638 W/ActivityManager(  726): Scheduling restart of crashed service com.google.android.gms/.nearby.sharing.SendSurfaceService in 144660ms for start-requested
11-03 11:07:16.640 W/ActivityManager(  726): Scheduling restart of crashed service com.google.android.gms/com.google.android.location.fused.FusedLocationService in 154659ms for connection
11-03 11:07:16.643 W/ActivityManager(  726): Scheduling restart of crashed service com.google.android.gms/.chimera.PersistentApiService in 164654ms for connection
11-03 11:07:16.646 W/ActivityManager(  726): Scheduling restart of crashed service com.google.android.gms/com.google.android.location.internal.GoogleLocationManagerService in 174653ms for start-requested
11-03 11:07:16.647 W/ActivityManager(  726): Scheduling restart of crashed service com.google.android.gms/.chimera.PersistentIntentOperationService in 184651ms for start-requested
11-03 11:07:16.648 W/ActivityManager(  726): Scheduling restart of crashed service com.google.android.gms/.gcm.PushMessagingRegistrarProxy in 194650ms for connection
11-03 11:07:16.656 I/DropBoxManagerService(  726): add tag=system_app_anr isTagEnabled=true flags=0x6
11-03 11:07:16.663 W/ActivityManager(  726): Scheduling restart of crashed service com.google.android.gms/com.google.android.contextmanager.service.ContextManagerService in 204636ms for start-requested
11-03 11:07:16.664 W/ActivityManager(  726): Scheduling restart of crashed service com.google.android.gms/.crisisalerts.init.CrisisAlertsPersistentService in 214634ms for start-requested
11-03 11:07:16.666 W/ActivityManager(  726): Scheduling restart of crashed service com.google.android.gms/.auth.setup.devicesignals.LockScreenService in 224632ms for start-requested
11-03 11:07:16.667 W/ActivityManager(  726): Scheduling restart of crashed service com.google.android.gms/.common.stats.GmsCoreStatsService in 234631ms for start-requested
11-03 11:07:16.681 W/ActivityManager(  726): Scheduling restart of crashed service com.google.android.gms/.geotimezone.GeoTimeZoneService in 244618ms for connection
11-03 11:07:16.696 W/Looper  (  726): Drained
11-03 11:07:16.702 W/ActivityManager(  726): Scheduling restart of crashed service com.google.android.gms/com.google.android.location.network.NetworkLocationService in 254596ms for always
11-03 11:07:16.703 W/ActivityManager(  726): Exception when starting service com.google.android.gms/com.google.android.location.network.NetworkLocationService
11-03 11:07:16.703 W/ActivityManager(  726): android.os.DeadObjectException
11-03 11:07:16.703 W/ActivityManager(  726): 	at android.os.BinderProxy.transactNative(Native Method)
11-03 11:07:16.703 W/ActivityManager(  726): 	at android.os.BinderProxy.transact(BinderProxy.java:592)
11-03 11:07:16.703 W/ActivityManager(  726): 	at android.app.IApplicationThread$Stub$Proxy.scheduleCreateService(IApplicationThread.java:1611)
11-03 11:07:16.703 W/ActivityManager(  726): 	at android.app.IApplicationThread$Delegator.scheduleCreateService(IApplicationThread.java:235)
11-03 11:07:16.703 W/ActivityManager(  726): 	at com.android.server.am.ActiveServices.realStartServiceLocked(ActiveServices.java:6095)
11-03 11:07:16.703 W/ActivityManager(  726): 	at com.android.server.am.ActiveServices.bringUpServiceInnerLocked(ActiveServices.java:5843)
11-03 11:07:16.703 W/ActivityManager(  726): 	at com.android.server.am.ActiveServices.bringUpServiceLocked(ActiveServices.java:5749)
11-03 11:07:16.703 W/ActivityManager(  726): 	at com.android.server.am.ActiveServices.bindServiceLocked(ActiveServices.java:4336)
11-03 11:07:16.703 W/ActivityManager(  726): 	at com.android.server.am.ActivityManagerService.bindServiceInstance(ActivityManagerService.java:13982)
11-03 11:07:16.703 W/ActivityManager(  726): 	at com.android.server.am.ActivityManagerService.bindServiceInstance(ActivityManagerService.java:13941)
11-03 11:07:16.703 W/ActivityManager(  726): 	at android.app.ContextImpl.bindServiceCommon(ContextImpl.java:2230)
11-03 11:07:16.703 W/ActivityManager(  726): 	at android.app.ContextImpl.bindServiceAsUser(ContextImpl.java:2161)
11-03 11:07:16.703 W/ActivityManager(  726): 	at com.android.server.servicewatcher.ServiceWatcherImpl$MyServiceConnection.bind(ServiceWatcherImpl.java:239)
11-03 11:07:16.703 W/ActivityManager(  726): 	at com.android.server.servicewatcher.ServiceWatcherImpl.lambda$onServiceChanged$1(ServiceWatcherImpl.java:173)
11-03 11:07:16.703 W/ActivityManager(  726): 	at com.android.server.servicewatcher.ServiceWatcherImpl$$ExternalSyntheticLambda0.run(D8$$SyntheticClass:0)
11-03 11:07:16.703 W/ActivityManager(  726): 	at android.os.Handler.handleCallback(Handler.java:995)
11-03 11:07:16.703 W/ActivityManager(  726): 	at android.os.Handler.dispatchMessage(Handler.java:103)
11-03 11:07:16.703 W/ActivityManager(  726): 	at android.os.Looper.loopOnce(Looper.java:248)
11-03 11:07:16.703 W/ActivityManager(  726): 	at android.os.Looper.loop(Looper.java:338)
11-03 11:07:16.703 W/ActivityManager(  726): 	at android.os.HandlerThread.run(HandlerThread.java:85)
11-03 11:07:16.703 W/ActivityManager(  726): 	at com.android.server.ServiceThread.run(ServiceThread.java:49)
11-03 11:07:16.704 D/ActivityManager(  726): freezing 2966 com.google.android.rkpdapp
11-03 11:07:16.705 W/Looper  (  726): Slow dispatch took 901ms android.fg app=system_server main=false group=FOREGROUND h=android.os.Handler c=com.android.server.servicewatcher.ServiceWatcherImpl$$ExternalSyntheticLambda0@96a64c2 m=0
11-03 11:07:16.715 W/ContextImpl(  726): Calling a method in the system process without a qualified user: android.app.ContextImpl.sendBroadcastMultiplePermissions:1352 com.android.server.TelephonyRegistry.broadcastServiceStateChanged:4173 com.android.server.TelephonyRegistry.notifyServiceStateForPhoneId:1848 com.android.internal.telephony.ITelephonyRegistry$Stub.onTransact:613 android.os.Binder.execTransactInternal:1421 
11-03 11:07:16.735 W/ProcessStats(  726): Tracking association SourceState{5f8c37d com.google.android.cellbroadcastreceiver/10189 Receivr #1372} whose proc state 10 is better than process ProcessState{6110ae7 com.android.cellbroadcastreceiver/10099 pkg=com.android.cellbroadcastreceiver} proc state 15 (14 skipped)
11-03 11:07:16.803 V/ActivityManager(  726): Got obituary of 2260:com.google.android.gms.persistent
11-03 11:07:16.817 I/ActivityManager(  726): Killing 1732:com.google.android.as/u0a144 (adj 100): bg anr
11-03 11:07:16.825 D/ActivityManager(  726): Completed ANR of com.google.android.as in 1192ms, latency 4755ms (expired, only dump ANR app)
11-03 11:07:16.831 W/Looper  (  726): Slow dispatch took 1228ms main app=system_server main=true group=FOREGROUND h=android.app.ActivityThread$H c=android.app.LoadedApk$ServiceDispatcher$RunConnection@39a5d7a m=0
11-03 11:07:16.850 D/BackgroundInstallControlService(  726): Package event received: 0
11-03 11:07:16.854 W/Looper  (  726): Slow delivery took 1172ms main app=system_server main=true group=FOREGROUND h=com.android.server.power.Notifier$NotifierHandler c=com.android.server.power.Notifier$$ExternalSyntheticLambda2@35f65f7 m=0
11-03 11:07:16.934 D/ActivityManager(  726): freezing 3163 com.android.carrierconfig
11-03 11:07:17.184 W/Looper  (  726): Drained
11-03 11:07:17.429 I/servicemanager(    0): Caller(pid=3334,uid=10216,sid=u:r:untrusted_app:s0:c216,c256,c512,c768) Found android.hardware.graphics.allocator.IAllocator/default in device VINTF manifest.
11-03 11:07:17.438 I/servicemanager(    0): Caller(pid=3334,uid=10216,sid=u:r:untrusted_app:s0:c216,c256,c512,c768) Found android.hardware.graphics.allocator.IAllocator/default in device VINTF manifest.
11-03 11:07:17.479 W/ActivityManager(  726): Slow operation: 634ms so far, now at startProcess: done updating battery stats
11-03 11:07:17.481 W/ActivityManager(  726): Slow operation: 636ms so far, now at startProcess: building log message
11-03 11:07:17.482 I/ActivityManager(  726): Start proc 3366:com.google.android.gms.persistent/u0a146 for service {com.google.android.gms/com.google.android.gms.chimera.PersistentBoundBrokerService}
11-03 11:07:17.482 W/ActivityManager(  726): Slow operation: 637ms so far, now at startProcess: starting to update pids map
11-03 11:07:17.483 I/ActivityManager(  726): ProcessObserver broadcast disabled
11-03 11:07:17.483 W/ActivityManager(  726): Slow operation: 638ms so far, now at startProcess: done updating pids map
11-03 11:07:17.515 D/NotificationManagerService.NotificationAssistants(  726): Removing active service ComponentInfo{com.google.android.as/com.google.android.apps.miphone.aiai.common.notification.service.AiAiNotificationAssistantService}
11-03 11:07:17.515 D/NotificationManagerService.NotificationListeners(  726): Removing active service ComponentInfo{com.google.android.as/com.google.android.apps.miphone.aiai.common.notification.service.AiAiNotificationAssistantService}
11-03 11:07:17.480 I/servicemanager(    0): Caller(pid=3334,uid=10216,sid=u:r:untrusted_app:s0:c216,c256,c512,c768) Found mapper/ranchu in device VINTF manifest.
11-03 11:07:17.519 D/BackgroundInstallControlService(  726): Package event received: 0
11-03 11:07:17.526 D/NotificationManagerService.NotificationListeners(  726): Removing active service ComponentInfo{com.google.android.as/com.google.android.apps.miphone.aiai.common.notification.service.AiAiNotificationListenerService}
11-03 11:07:17.537 W/ContextImpl(  726): Calling a method in the system process without a qualified user: android.app.ContextImpl.sendBroadcastMultiplePermissions:1352 com.android.server.TelephonyRegistry.broadcastServiceStateChanged:4179 com.android.server.TelephonyRegistry.notifyServiceStateForPhoneId:1848 com.android.internal.telephony.ITelephonyRegistry$Stub.onTransact:613 android.os.Binder.execTransactInternal:1421 
11-03 11:07:17.551 D/CoreBackPreview(  726): Window{47e99e6 u0 com.example.myapplication/com.example.myapplication.MainActivity}: Setting back callback OnBackInvokedCallbackInfo{mCallback=android.window.IOnBackInvokedCallback$Stub$Proxy@6ca8135, mPriority=-1, mIsAnimationCallback=false, mOverrideBehavior=0}
11-03 11:07:17.573 W/Looper  (  726): Slow dispatch took 865ms android.fg app=system_server main=false group=FOREGROUND h=android.os.Handler c=com.android.server.servicewatcher.ServiceWatcherImpl$$ExternalSyntheticLambda0@b9559ca m=0
11-03 11:07:17.591 D/BackgroundInstallControlService(  726): Package event received: 0
11-03 11:07:17.639 D/BackgroundInstallControlService(  726): Package event received: 0
11-03 11:07:17.641 D/BackgroundInstallControlService(  726): Package event received: 0
11-03 11:07:17.675 D/BackgroundInstallControlService(  726): Package event received: 0
11-03 11:07:17.706 W/ActivityManager(  726): Scheduling restart of crashed service com.google.android.as/com.google.android.apps.miphone.aiai.app.AiAiSmartspaceService in 1000ms for connection
11-03 11:07:17.717 W/ActivityManager(  726): Scheduling restart of crashed service com.google.android.as/com.google.android.apps.miphone.aiai.app.AiAiPredictionService in 10989ms for connection
11-03 11:07:17.723 W/ActivityManager(  726): Scheduling restart of crashed service com.google.android.as/com.google.android.apps.miphone.aiai.common.notification.service.AiAiNotificationAssistantService in 153575ms for connection
11-03 11:07:17.724 W/ActivityManager(  726): Scheduling restart of crashed service com.google.android.as/com.google.android.apps.miphone.aiai.app.AiAiSearchUiService in 183574ms for connection
11-03 11:07:17.730 W/ActivityManager(  726): Scheduling restart of crashed service com.google.android.as/com.google.android.apps.miphone.aiai.common.superpacks.impl.AiAiPersistentDownloadJobService in 263567ms for connection
11-03 11:07:17.734 V/AccessibilityManagerService(  726): onUserStateChangedLocked for userId: 0, forceUpdate: false
11-03 11:07:17.737 W/ActivityManager(  726): Scheduling restart of crashed service com.google.android.as/com.google.android.apps.miphone.aiai.app.AiAiAugmentedAutofillService in 273561ms for connection
11-03 11:07:17.745 W/ActivityManager(  726): Scheduling restart of crashed service com.google.android.as/com.google.android.apps.miphone.aiai.captions.SystemCaptionsManagerService in 283553ms for connection
11-03 11:07:17.747 W/ActivityManager(  726): Scheduling restart of crashed service com.google.android.as/com.google.android.apps.miphone.aiai.common.notification.service.AiAiNotificationListenerService in 293551ms for connection
11-03 11:07:17.748 W/ActivityManager(  726): Scheduling restart of crashed service com.google.android.as/com.google.android.apps.miphone.aiai.app.AiAiContentCaptureService in 303550ms for connection
11-03 11:07:17.890 E/AppOps  (  726): attributionTag VCN not declared in manifest of android
11-03 11:07:17.898 W/MagnificationConnectionManager(  726): requestConnection duplicated request: connect=false, mConnectionState=DISCONNECTED
11-03 11:07:17.907 V/AccessibilityManagerService(  726): onUserStateChangedLocked for userId: 0, forceUpdate: false
11-03 11:07:17.908 W/MagnificationConnectionManager(  726): requestConnection duplicated request: connect=false, mConnectionState=DISCONNECTED
11-03 11:07:17.950 E/AppOps  (  726): attributionTag VCN not declared in manifest of android
11-03 11:07:18.007 I/VcnManagementService(  726): new snapshot: TelephonySubscriptionSnapshot{ mActiveDataSubId=1, mSubIdToInfoMap={}, mSubIdToCarrierConfigMap={1=PersistableBundle[{carrier_config_applied_bool=true, carrier_config_version_string=}]}, mPrivilegedPackages={} }
11-03 11:07:18.039 D/BackgroundInstallControlService(  726): Package event received: 0
11-03 11:07:18.143 W/Looper  (  726): Slow dispatch took 624ms main app=system_server main=true group=FOREGROUND h=android.os.Handler c=com.android.internal.infra.ServiceConnector$Impl$$ExternalSyntheticLambda0@bc86edb m=0
11-03 11:07:18.143 W/Looper  (  726): Slow delivery took 629ms main app=system_server main=true group=FOREGROUND h=android.os.Handler c=android.app.LoadedApk$ServiceDispatcher$RunConnection@e801d78 m=0
11-03 11:07:18.422 D/ActivityManager(  726): sync unfroze 2263 com.google.android.settings.intelligence for 3
11-03 11:07:18.428 D/OomAdjuster(  726): Not killing cached processes
11-03 11:07:18.457 I/AppsFilter(  726): interaction: PackageSetting{b5245d8 com.example.myapplication/10216} -> PackageSetting{1f70233 com.google.android.dialer/10136} BLOCKED
11-03 11:07:18.459 I/AppsFilter(  726): interaction: PackageSetting{f3b52ad com.android.microdroid.empty_payload/10214} -> PackageSetting{1f70233 com.google.android.dialer/10136} BLOCKED
11-03 11:07:18.487 W/Looper  (  726): Slow dispatch took 343ms main app=system_server main=true group=FOREGROUND h=android.os.Handler c=com.android.internal.infra.ServiceConnector$Impl$$ExternalSyntheticLambda0@ba240d9 m=0
11-03 11:07:18.488 V/NotificationManagerService.NotificationAssistants(  726): 0 notification assistant connection lost: ComponentInfo{com.google.android.as/com.google.android.apps.miphone.aiai.common.notification.service.AiAiNotificationAssistantService}
11-03 11:07:18.488 V/NotificationManagerService.NotificationListeners(  726): 0 notification listener connection lost: ComponentInfo{com.google.android.as/com.google.android.apps.miphone.aiai.common.notification.service.AiAiNotificationListenerService}
11-03 11:07:18.510 W/Looper  (  726): Slow dispatch took 920ms android.fg app=system_server main=false group=FOREGROUND h=android.os.Handler c=com.android.server.servicewatcher.ServiceWatcherImpl$$ExternalSyntheticLambda0@4adea9e m=0
11-03 11:07:18.511 I/ActivityManager(  726): Start proc 3393:com.google.android.dialer/u0a136 for service {com.google.android.dialer/com.android.voicemail.impl.DialerVisualVoicemailService}
11-03 11:07:18.512 I/ActivityManager(  726): ProcessObserver broadcast disabled
11-03 11:07:18.532 W/ActivityManager(  726): pid 1835 com.google.android.googlequicksearchbox:search sent binder code 6 with flags 2 to frozen apps and got error -32
11-03 11:07:18.532 D/ActivityManager(  726): Too many transaction errors, throttling freezer binder callback.
11-03 11:07:18.541 W/AppOpService(  726): Ignored setUidMode call for runtime permission app op: uid = 10145, code = READ_CELL_BROADCASTS, mode = allow, callingUid = 1001, oldMode = allow
11-03 11:07:18.565 W/ActivityManager(  726): pid 2194 com.google.android.gms sent binder code 2 with flags 2 to frozen apps and got error -32
11-03 11:07:18.565 D/ActivityManager(  726): Too many transaction errors, throttling freezer binder callback.
11-03 11:07:18.566 W/ActivityManager(  726): pid 1667 com.google.android.apps.wellbeing sent binder code 6 with flags 2 to frozen apps and got error -32
11-03 11:07:18.566 D/ActivityManager(  726): Too many transaction errors, throttling freezer binder callback.
11-03 11:07:18.576 W/AppOpService(  726): Ignored setUidMode call for runtime permission app op: uid = 1001, code = READ_SMS, mode = allow, callingUid = 1001, oldMode = allow
11-03 11:07:18.580 W/AppOpService(  726): Ignored setUidMode call for runtime permission app op: uid = 1001, code = RECEIVE_SMS, mode = allow, callingUid = 1001, oldMode = allow
11-03 11:07:18.582 W/ActivityManager(  726): pid 2211 com.google.android.as.oss sent binder code 2 with flags 1 to frozen apps and got error -32
11-03 11:07:18.583 D/ActivityManager(  726): Too many transaction errors, throttling freezer binder callback.
11-03 11:07:18.586 W/AppOpService(  726): Ignored setUidMode call for runtime permission app op: uid = 1001, code = RECEIVE_WAP_PUSH, mode = allow, callingUid = 1001, oldMode = allow
11-03 11:07:18.588 W/AppOpService(  726): Ignored setUidMode call for runtime permission app op: uid = 1001, code = SEND_SMS, mode = allow, callingUid = 1001, oldMode = allow
11-03 11:07:18.596 W/AppOpService(  726): Ignored setUidMode call for runtime permission app op: uid = 1001, code = READ_CELL_BROADCASTS, mode = allow, callingUid = 1001, oldMode = allow
11-03 11:07:18.690 D/BackgroundInstallControlService(  726): Package event received: 0
11-03 11:07:18.690 D/BackgroundInstallControlService(  726): Package event received: 0
11-03 11:07:18.691 D/BackgroundInstallControlService(  726): Package event received: 0
11-03 11:07:18.695 D/BackgroundInstallControlService(  726): Package event received: 0
11-03 11:07:18.701 D/BackgroundInstallControlService(  726): Package event received: 0
11-03 11:07:18.702 D/BackgroundInstallControlService(  726): Package event received: 0
11-03 11:07:18.702 D/BackgroundInstallControlService(  726): Package event received: 0
11-03 11:07:18.706 D/BackgroundInstallControlService(  726): Package event received: 0
11-03 11:07:18.726 W/AppOpService(  726): Ignored setUidMode call for runtime permission app op: uid = 10145, code = READ_CELL_BROADCASTS, mode = allow, callingUid = 1001, oldMode = allow
11-03 11:07:18.752 D/BackgroundInstallControlService(  726): Package event received: 0
11-03 11:07:18.785 I/ActivityManager(  726): Start proc 3394:com.google.android.as/u0a144 for service {com.google.android.as/com.google.android.apps.miphone.aiai.app.AiAiSmartspaceService}
11-03 11:07:18.786 I/ActivityManager(  726): ProcessObserver broadcast disabled
11-03 11:07:18.801 W/AppOpService(  726): Ignored setUidMode call for runtime permission app op: uid = 1001, code = READ_SMS, mode = allow, callingUid = 1001, oldMode = allow
11-03 11:07:18.814 W/AppOpService(  726): Ignored setUidMode call for runtime permission app op: uid = 1001, code = RECEIVE_SMS, mode = allow, callingUid = 1001, oldMode = allow
11-03 11:07:18.821 W/AppOpService(  726): Ignored setUidMode call for runtime permission app op: uid = 1001, code = RECEIVE_WAP_PUSH, mode = allow, callingUid = 1001, oldMode = allow
11-03 11:07:18.824 W/AppOpService(  726): Ignored setUidMode call for runtime permission app op: uid = 1001, code = SEND_SMS, mode = allow, callingUid = 1001, oldMode = allow
11-03 11:07:18.832 W/AppOpService(  726): Ignored setUidMode call for runtime permission app op: uid = 1001, code = READ_CELL_BROADCASTS, mode = allow, callingUid = 1001, oldMode = allow
11-03 11:07:18.834 I/CheckInBootCompletedReceiver( 2546): Received boot completed intent
11-03 11:07:18.847 I/DeviceLockControllerSchedulerImpl( 2546): Scheduling initial check-in work
11-03 11:07:18.915 I/keystore2(  271): system/security/keystore2/watchdog/src/lib.rs:377 - Watchdog thread idle -> terminating. Have a great day.
11-03 11:07:18.885 I/logd    (    0): start watching /data/system/packages.list ...
11-03 11:07:18.897 I/logd    (    0): ReadPackageList, total packages: 224
11-03 11:07:18.998 D/ActivityManager(  726): sync unfroze 2481 com.android.managedprovisioning for 3
11-03 11:07:19.110 D/BackgroundInstallControlService(  726): Package event received: 0
11-03 11:07:19.118 D/PackageManager(  726): Instant App installer not found with android.intent.action.INSTALL_INSTANT_APP_PACKAGE
11-03 11:07:19.118 D/PackageManager(  726): Clear ephemeral installer activity
11-03 11:07:19.196 D/BackgroundInstallControlService(  726): Package event received: 0
11-03 11:07:19.198 D/CompatChangeReporter(  726): Compat change id reported: 151861875; UID 10136; state: ENABLED
11-03 11:07:19.227 W/AppOpService(  726): Ignored setUidMode call for runtime permission app op: uid = 10145, code = READ_CELL_BROADCASTS, mode = allow, callingUid = 1001, oldMode = allow
11-03 11:07:19.291 W/AppOpService(  726): Ignored setUidMode call for runtime permission app op: uid = 1001, code = READ_SMS, mode = allow, callingUid = 1001, oldMode = allow
11-03 11:07:19.314 W/AppOpService(  726): Ignored setUidMode call for runtime permission app op: uid = 1001, code = RECEIVE_SMS, mode = allow, callingUid = 1001, oldMode = allow
11-03 11:07:19.315 W/AppOpService(  726): Ignored setUidMode call for runtime permission app op: uid = 1001, code = RECEIVE_WAP_PUSH, mode = allow, callingUid = 1001, oldMode = allow
11-03 11:07:19.316 W/AppOpService(  726): Ignored setUidMode call for runtime permission app op: uid = 1001, code = SEND_SMS, mode = allow, callingUid = 1001, oldMode = allow
11-03 11:07:19.317 W/AppOpService(  726): Ignored setUidMode call for runtime permission app op: uid = 1001, code = READ_CELL_BROADCASTS, mode = allow, callingUid = 1001, oldMode = allow
11-03 11:07:19.343 W/Looper  (  726): Slow dispatch took 370ms android.fg app=system_server main=false group=FOREGROUND h=android.os.Handler c=com.android.server.servicewatcher.ServiceWatcherImpl$$ExternalSyntheticLambda0@fbca7a8 m=0
11-03 11:07:19.351 W/Looper  (  726): Slow dispatch took 328ms android.ui app=system_server main=false group=TOP_APP h=com.android.server.am.ActivityManagerService$UiHandler c=null m=68
11-03 11:07:19.357 W/Looper  (  726): Slow dispatch took 797ms main app=system_server main=true group=FOREGROUND h=android.app.ActivityThread$H c=android.app.LoadedApk$ServiceDispatcher$RunConnection@f8e11a7 m=0
11-03 11:07:19.547 V/WindowManager(  726): Sent Transition (#8) createdAt=11-03 11:07:12.007 via request=TransitionRequestInfo { type = OPEN, triggerTask = TaskInfo{userId=0 taskId=8 effectiveUid=10216 displayId=0 isRunning=true baseIntent=Intent { act=android.intent.action.MAIN cat=[android.intent.category.LAUNCHER] flg=0x10000000 cmp=com.example.myapplication/.MainActivity } baseActivity=ComponentInfo{com.example.myapplication/com.example.myapplication.MainActivity} topActivity=ComponentInfo{com.example.myapplication/com.example.myapplication.MainActivity} origActivity=null realActivity=ComponentInfo{com.example.myapplication/com.example.myapplication.MainActivity} numActivities=1 lastActiveTime=261829 supportsMultiWindow=true resizeMode=1 isResizeable=true minWidth=-1 minHeight=-1 defaultMinSize=220 token=WCT{RemoteToken{4a83c84 Task{49a2645 #8 type=standard A=10216:com.example.myapplication}}} topActivityType=1 pictureInPictureParams=null shouldDockBigOverlays=false launchIntoPipHostTaskId=-1 lastParentTaskIdBeforePip=-1 displayCutoutSafeInsets=Rect(0, 0 - 0, 0) topActivityInfo=ActivityInfo{2a2c6d com.example.myapplication.MainActivity} launchCookies=[] positionInParent=Point(0, 0) parentTaskId=-1 isFocused=false isVisible=false isVisibleRequested=false isTopActivityNoDisplay=false isSleeping=false locusId=null displayAreaFeatureId=1 isTopActivityTransparent=false isActivityStackTransparent=false lastNonFullscreenBounds=Rect(284, 660 - 796, 1740) capturedLink=null capturedLinkTimestamp=0 requestedVisibleTypes=-9 topActivityRequestOpenInBrowserEducationTimestamp=0 appCompatTaskInfo=AppCompatTaskInfo { topActivityInSizeCompat=false eligibleForLetterboxEducation= false isLetterboxEducationEnabled= true isLetterboxDoubleTapEnabled= false eligibleForUserAspectRatioButton= false topActivityBoundsLetterboxed= false isFromLetterboxDoubleTap= false topActivityLetterboxVerticalPosition= -1 topActivityLetterboxHorizontalPosition= -1 topActivityLetterboxWidth=-1 topActivityLetterboxHeight=-1 topActivityAppBounds=Rect(0, 0 - 1080, 2400) isUserFullscreenOverrideEnabled=false isSystemFullscreenOverrideEnabled=false hasMinAspectRatioOverride=false topActivityLetterboxBounds=null cameraCompatTaskInfo=CameraCompatTaskInfo { freeformCameraCompatMode=inactive}} topActivityMainWindowFrame=null}, pipChange = null, remoteTransition = null, displayChange = null, flags = 0, debugId = 8 }
11-03 11:07:19.547 V/WindowManager(  726):     startWCT=WindowContainerTransaction { changes= {} hops= [] errorCallbackToken=null taskFragmentOrganizer=null }
11-03 11:07:19.547 V/WindowManager(  726):     info={id=8 t=OPEN f=0x0 trk=0 r=[0@Point(0, 0)] c=[
11-03 11:07:19.547 V/WindowManager(  726):         {WCT{RemoteToken{4a83c84 Task{49a2645 #8 type=standard A=10216:com.example.myapplication}}} m=OPEN f=NONE leash=Surface(name=Task=8)/@0xd2a026 sb=Rect(0, 0 - 1080, 2400) eb=Rect(0, 0 - 1080, 2400) epz=Point(1080, 2400) d=0 taskParent=-1},
11-03 11:07:19.547 V/WindowManager(  726):         {WCT{RemoteToken{d8c60cf Task{e944fee #1 type=home}}} m=TO_BACK f=SHOW_WALLPAPER leash=Surface(name=Task=1)/@0x4f8a6f1 sb=Rect(0, 0 - 1080, 2400) eb=Rect(0, 0 - 1080, 2400) epz=Point(1080, 2400) d=0 taskParent=-1},
11-03 11:07:19.547 V/WindowManager(  726):         {m=TO_BACK f=IS_WALLPAPER leash=Surface(name=WallpaperWindowToken{290ab68 showWhenLocked=false})/@0x809b781 sb=Rect(0, 0 - 1080, 2400) eb=Rect(0, 0 - 1080, 2400) epz=Point(1080, 2400) d=0}
11-03 11:07:19.547 V/WindowManager(  726):     ]}
11-03 11:07:19.556 W/Looper  (  726): Slow delivery took 559ms android.ui app=system_server main=false group=TOP_APP h=com.android.server.am.ActivityManagerService$UiHandler c=com.android.server.am.UidObserverController$$ExternalSyntheticLambda0@bca211b m=0
11-03 11:07:19.558 W/ContentCapturePerUserService(  726): remote service died: RemoteContentCaptureService[ComponentInfo{com.google.android.as/com.google.android.apps.miphone.aiai.app.AiAiContentCaptureService} 28686614 (unbound)]
11-03 11:07:19.558 W/Looper  (  726): Slow dispatch took 205ms android.ui app=system_server main=false group=TOP_APP h=com.android.server.am.ActivityManagerService$UiHandler c=com.android.server.am.UidObserverController$$ExternalSyntheticLambda0@bca211b m=0
11-03 11:07:19.567 W/Looper  (  726): Slow dispatch took 121ms main app=system_server main=true group=FOREGROUND h=android.os.Handler c=<recycled PooledLambda@11c4cb6> m=0
11-03 11:07:19.609 W/AppOpService(  726): Ignored setUidMode call for runtime permission app op: uid = 10145, code = READ_CELL_BROADCASTS, mode = allow, callingUid = 1001, oldMode = allow
11-03 11:07:19.677 W/JobScheduler(  726): Job didn't exist in JobStore: 993f4ef #u0a147/-151 com.google.android.googlequicksearchbox/com.google.android.apps.gsa.tasks.BackgroundTasksJobService
11-03 11:07:19.689 W/Looper  (  726): Slow dispatch took 129ms android.ui app=system_server main=false group=TOP_APP h=com.android.server.am.ActivityManagerService$UiHandler c=null m=68
11-03 11:07:19.693 W/AppOpService(  726): Ignored setUidMode call for runtime permission app op: uid = 1001, code = READ_SMS, mode = allow, callingUid = 1001, oldMode = allow
11-03 11:07:19.715 D/BackgroundInstallControlService(  726): Package event received: 0
11-03 11:07:19.717 W/Looper  (  726): Slow dispatch took 101ms android.fg app=system_server main=false group=FOREGROUND h=android.os.Handler c=com.android.internal.content.PackageMonitor$$ExternalSyntheticLambda0@bcab5a1 m=0
11-03 11:07:19.720 W/AppOpService(  726): Ignored setUidMode call for runtime permission app op: uid = 1001, code = RECEIVE_SMS, mode = allow, callingUid = 1001, oldMode = allow
11-03 11:07:19.743 W/AppOpService(  726): Ignored setUidMode call for runtime permission app op: uid = 1001, code = RECEIVE_WAP_PUSH, mode = allow, callingUid = 1001, oldMode = allow
11-03 11:07:19.786 W/AppOpService(  726): Ignored setUidMode call for runtime permission app op: uid = 1001, code = SEND_SMS, mode = allow, callingUid = 1001, oldMode = allow
11-03 11:07:19.793 W/Looper  (  726): Drained
11-03 11:07:19.836 W/AppOpService(  726): Ignored setUidMode call for runtime permission app op: uid = 1001, code = READ_CELL_BROADCASTS, mode = allow, callingUid = 1001, oldMode = allow
11-03 11:07:19.837 D/ActivityManager(  726): sync unfroze 2717 com.android.providers.calendar for 3
11-03 11:07:19.939 V/WindowManager(  726): Finish Transition (#8): created at 11-03 11:07:12.007 collect-started=0.107ms request-sent=75.556ms started=242.379ms ready=585.032ms sent=591.813ms commit=662.597ms finished=1750.099ms
11-03 11:07:20.051 W/AppOpService(  726): Ignored setUidMode call for runtime permission app op: uid = 10145, code = READ_CELL_BROADCASTS, mode = allow, callingUid = 1001, oldMode = allow
11-03 11:07:20.052 W/Looper  (  726): Slow dispatch took 113ms android.fg app=system_server main=false group=FOREGROUND h=com.android.server.DropBoxManagerService$DropBoxManagerBroadcastHandler c=null m=1
11-03 11:07:20.067 W/Looper  (  726): Slow dispatch took 172ms main app=system_server main=true group=FOREGROUND h=android.app.ActivityThread$H c=android.app.LoadedApk$ServiceDispatcher$RunConnection@7277a76 m=0
11-03 11:07:20.102 W/AppOpService(  726): Ignored setUidMode call for runtime permission app op: uid = 1001, code = READ_SMS, mode = allow, callingUid = 1001, oldMode = allow
11-03 11:07:20.114 W/AppOpService(  726): Ignored setUidMode call for runtime permission app op: uid = 1001, code = RECEIVE_SMS, mode = allow, callingUid = 1001, oldMode = allow
11-03 11:07:20.115 W/AppOpService(  726): Ignored setUidMode call for runtime permission app op: uid = 1001, code = RECEIVE_WAP_PUSH, mode = allow, callingUid = 1001, oldMode = allow
11-03 11:07:20.133 W/AppOpService(  726): Ignored setUidMode call for runtime permission app op: uid = 1001, code = SEND_SMS, mode = allow, callingUid = 1001, oldMode = allow
11-03 11:07:20.138 I/AppWidgetServiceImpl(  726): Received broadcast: android.intent.action.PACKAGE_CHANGED on user 0
11-03 11:07:20.143 W/AppOpService(  726): Ignored setUidMode call for runtime permission app op: uid = 1001, code = READ_CELL_BROADCASTS, mode = allow, callingUid = 1001, oldMode = allow
11-03 11:07:20.276 I/AppWidgetServiceImpl(  726): Received broadcast: android.intent.action.PACKAGE_CHANGED on user 0
11-03 11:07:20.286 D/ShortcutService(  726): received package broadcast intent: Intent { act=android.intent.action.PACKAGE_CHANGED dat=package: flg=0x45000010 pkg=android (has extras) }
11-03 11:07:20.287 D/ShortcutService(  726): changing package: com.google.android.gms userId=0
11-03 11:07:20.303 I/AppWidgetServiceImpl(  726): Received broadcast: android.intent.action.PACKAGE_ADDED on user 0
11-03 11:07:20.329 E/AppOps  (  726): attributionTag VCN not declared in manifest of android
11-03 11:07:20.331 I/AppWidgetServiceImpl(  726): Received broadcast: android.intent.action.PACKAGE_RESTARTED on user 0
11-03 11:07:20.331 I/AppWidgetServiceImpl(  726): Updating package stopped masked state for uid 10216 package com.example.myapplication isStopped false
11-03 11:07:20.359 I/AppWidgetServiceImpl(  726): Received broadcast: android.intent.action.PACKAGE_CHANGED on user 0
11-03 11:07:20.429 D/PackageManager(  726): Instant App installer not found with android.intent.action.INSTALL_INSTANT_APP_PACKAGE
11-03 11:07:20.435 D/PackageManager(  726): Clear ephemeral installer activity
11-03 11:07:20.479 W/AppOpService(  726): Ignored setUidMode call for runtime permission app op: uid = 10145, code = READ_CELL_BROADCASTS, mode = allow, callingUid = 1001, oldMode = allow
11-03 11:07:20.503 W/Looper  (  726): Slow dispatch took 300ms main app=system_server main=true group=FOREGROUND h=android.app.ActivityThread$H c=android.app.LoadedApk$ServiceDispatcher$RunConnection@30a0d6c m=0
11-03 11:07:20.632 D/ShortcutService(  726): received package broadcast intent: Intent { act=android.intent.action.PACKAGE_CHANGED dat=package: flg=0x45000010 (has extras) }
11-03 11:07:20.633 D/ShortcutService(  726): changing package: com.google.android.gms userId=0
11-03 11:07:20.635 W/Looper  (  726): Slow dispatch took 197ms android.fg app=system_server main=false group=FOREGROUND h=com.android.server.DropBoxManagerService$DropBoxManagerBroadcastHandler c=null m=1
11-03 11:07:20.645 D/PackageManager(  726): Instant App installer not found with android.intent.action.INSTALL_INSTANT_APP_PACKAGE
11-03 11:07:20.646 D/PackageManager(  726): Clear ephemeral installer activity
11-03 11:07:20.662 W/Looper  (  726): Slow dispatch took 416ms android.ui app=system_server main=false group=TOP_APP h=com.android.server.am.ActivityManagerService$UiHandler c=null m=68
11-03 11:07:20.690 D/ActivityManager(  726): sync unfroze 2966 com.google.android.rkpdapp for 3
11-03 11:07:20.748 D/ShortcutService(  726): received package broadcast intent: Intent { act=android.intent.action.PACKAGE_ADDED dat=package: flg=0x4000010 (has extras) }
11-03 11:07:20.750 D/ShortcutService(  726): adding package: com.example.myapplication userId=0
11-03 11:07:20.758 I/ActivityManager(  726): Killing 1650:com.google.android.ext.services/u0a209 (adj 0): change com.google.android.ext.services
11-03 11:07:20.764 W/CheckInWorker( 2546): CheckIn failed. No device identifier available!
11-03 11:07:20.774 D/FinalizationControllerImpl( 2546): Enforcing initial state: 0
11-03 11:07:20.776 W/ActivityManager(  726): Scheduling restart of crashed service com.google.android.ext.services/android.ext.services.autofill.InlineSuggestionRenderServiceImpl in 36840ms for connection
11-03 11:07:20.819 D/PackageManager(  726): Instant App installer not found with android.intent.action.INSTALL_INSTANT_APP_PACKAGE
11-03 11:07:20.820 D/PackageManager(  726): Clear ephemeral installer activity
11-03 11:07:20.834 W/AppOpService(  726): Ignored setUidMode call for runtime permission app op: uid = 1001, code = READ_SMS, mode = allow, callingUid = 1001, oldMode = allow
11-03 11:07:20.847 W/AppOpService(  726): Ignored setUidMode call for runtime permission app op: uid = 1001, code = RECEIVE_SMS, mode = allow, callingUid = 1001, oldMode = allow
11-03 11:07:20.851 D/PackageManager(  726): Instant App installer not found with android.intent.action.INSTALL_INSTANT_APP_PACKAGE
11-03 11:07:20.851 D/PackageManager(  726): Clear ephemeral installer activity
11-03 11:07:20.853 W/AppOpService(  726): Ignored setUidMode call for runtime permission app op: uid = 1001, code = RECEIVE_WAP_PUSH, mode = allow, callingUid = 1001, oldMode = allow
11-03 11:07:20.854 D/DeviceLockServiceImpl(  726): Device finalized for user UserHandle{0}. Disabling DLC.
11-03 11:07:20.855 W/AppOpService(  726): Ignored setUidMode call for runtime permission app op: uid = 1001, code = SEND_SMS, mode = allow, callingUid = 1001, oldMode = allow
11-03 11:07:20.869 W/AppOpService(  726): Ignored setUidMode call for runtime permission app op: uid = 1001, code = READ_CELL_BROADCASTS, mode = allow, callingUid = 1001, oldMode = allow
11-03 11:07:20.871 D/CompatChangeReporter(  726): Compat change id reported: 311402873; UID 10195; state: ENABLED
11-03 11:07:20.874 W/Looper  (  726): Slow dispatch took 105ms android.fg app=system_server main=false group=FOREGROUND h=android.os.Handler c=com.android.internal.content.PackageMonitor$$ExternalSyntheticLambda0@a29363a m=0
11-03 11:07:20.895 W/AppOpService(  726): Ignored setUidMode call for runtime permission app op: uid = 10145, code = READ_CELL_BROADCASTS, mode = allow, callingUid = 1001, oldMode = allow
11-03 11:07:20.917 D/CompatChangeReporter(  726): Compat change id reported: 323349338; UID 10195; state: ENABLED
11-03 11:07:20.937 I/AppWidgetServiceImpl(  726): Received broadcast: android.intent.action.PACKAGE_CHANGED on user 0
11-03 11:07:20.946 W/ActivityManager(  726): finishReceiver: no app for android.os.BinderProxy@d742ebc
11-03 11:07:20.947 W/AppOpService(  726): Ignored setUidMode call for runtime permission app op: uid = 1001, code = READ_SMS, mode = allow, callingUid = 1001, oldMode = allow
11-03 11:07:20.950 W/AppOpService(  726): Ignored setUidMode call for runtime permission app op: uid = 1001, code = RECEIVE_SMS, mode = allow, callingUid = 1001, oldMode = allow
11-03 11:07:20.951 D/BackgroundInstallControlService(  726): Package event received: 0
11-03 11:07:20.954 W/AppOpService(  726): Ignored setUidMode call for runtime permission app op: uid = 1001, code = RECEIVE_WAP_PUSH, mode = allow, callingUid = 1001, oldMode = allow
11-03 11:07:20.955 W/AppOpService(  726): Ignored setUidMode call for runtime permission app op: uid = 1001, code = SEND_SMS, mode = allow, callingUid = 1001, oldMode = allow
11-03 11:07:20.956 W/AppOpService(  726): Ignored setUidMode call for runtime permission app op: uid = 1001, code = READ_CELL_BROADCASTS, mode = allow, callingUid = 1001, oldMode = allow
11-03 11:07:20.972 I/AppWidgetServiceImpl(  726): Received broadcast: android.intent.action.PACKAGE_CHANGED on user 0
11-03 11:07:20.974 D/AppWidgetServiceImpl(  726): Trying to notify widget providers changed
11-03 11:07:20.995 V/ActivityManager(  726): Got obituary of 1650:com.google.android.ext.services
11-03 11:07:21.010 I/AppWidgetServiceImpl(  726): getInstalledProvidersForProfiles() 0
11-03 11:07:21.019 I/AppWidgetServiceImpl(  726): Received broadcast: android.intent.action.PACKAGE_CHANGED on user 0
11-03 11:07:21.022 W/Looper  (  726): Slow delivery took 446ms android.ui app=system_server main=false group=TOP_APP h=com.android.server.am.ActivityManagerService$UiHandler c=null m=68
11-03 11:07:21.022 W/Looper  (  726): Slow dispatch took 359ms android.ui app=system_server main=false group=TOP_APP h=com.android.server.am.ActivityManagerService$UiHandler c=null m=68
11-03 11:07:21.051 V/AccessibilityManagerService(  726): onUserStateChangedLocked for userId: 0, forceUpdate: false
11-03 11:07:21.062 W/MagnificationConnectionManager(  726): requestConnection duplicated request: connect=false, mConnectionState=DISCONNECTED
11-03 11:07:21.083 W/AppOpService(  726): Ignored setUidMode call for runtime permission app op: uid = 10145, code = READ_CELL_BROADCASTS, mode = allow, callingUid = 1001, oldMode = allow
11-03 11:07:21.103 D/ShortcutService(  726): received package broadcast intent: Intent { act=android.intent.action.PACKAGE_CHANGED dat=package: flg=0x45000010 pkg=android (has extras) }
11-03 11:07:21.103 D/ShortcutService(  726): changing package: com.google.android.gms userId=0
11-03 11:07:21.129 W/Looper  (  726): Slow dispatch took 106ms android.ui app=system_server main=false group=TOP_APP h=com.android.server.am.ActivityManagerService$UiHandler c=com.android.server.am.UidObserverController$$ExternalSyntheticLambda0@bca211b m=0
11-03 11:07:21.207 W/Looper  (  726): Slow dispatch took 619ms main app=system_server main=true group=FOREGROUND h=android.app.ActivityThread$H c=android.app.LoadedApk$ReceiverDispatcher$Args$$ExternalSyntheticLambda0@e0337ac m=0
